<html>
<body>
<pre>
<h1>礦ision Build Log</h1>
<h2>Tool Versions:</h2>
IDE-Version: μVision V5.37.0.0
Copyright (C) 2022 ARM Ltd and ARM Germany GmbH. All rights reserved.
License Information: 1 1471055874@qq.com, 1, LIC=Y2B1Q-NNWX7-BX4UY-I5TSC-1YVSL-VFVCF
 
Tool Versions:
Toolchain:       MDK-ARM Professional  Version: 5.37.0.0
Toolchain Path:  D:\keilv5\Core\ARM\ARMCC\Bin
C Compiler:      Armcc.exe V5.06 update 7 (build 960)
Assembler:       Armasm.exe V5.06 update 7 (build 960)
Linker/Locator:  ArmLink.exe V5.06 update 7 (build 960)
Library Manager: ArmAr.exe V5.06 update 7 (build 960)
Hex Converter:   FromElf.exe V5.06 update 7 (build 960)
CPU DLL:         SARMCM3.DLL V5.37.0.0
Dialog DLL:      DCM.DLL V1.17.5.0
Target DLL:      STLink\ST-LINKIII-KEIL_SWO.dll V3.0.9.0
Dialog DLL:      TCM.DLL V1.56.1.0
 
<h2>Project:</h2>
D:\文档\学 校\6 大三 下\【STM32项目】平衡小车\项目工程\project\balance_car_project\Project.uvprojx
Project File Date:  06/06/2026

<h2>Output:</h2>
*** Using Compiler 'V5.06 update 7 (build 960)', folder: 'D:\keilv5\Core\ARM\ARMCC\Bin'
Build target 'Target 1'
compiling main.c...
User\main.c(661): warning:  #177-D: variable "omega_ref_test_last"  was declared but never referenced
  static float omega_ref_test_last = 0;
User\main.c(753): warning:  #177-D: variable "angle_test"  was declared but never referenced
  static float angle_test=0;
User\main.c(754): warning:  #177-D: variable "angle_ref"  was declared but never referenced
  static float angle_ref=0;
User\main.c(755): warning:  #550-D: variable "test_flag"  was set but never used
  static float test_flag=0;
User\main.c(890): warning:  #177-D: variable "test_time_count1"  was declared but never referenced
  static float test_time_count1=0;
User\main.c(891): warning:  #177-D: variable "test_time_count2"  was declared but never referenced
  static uint8_t test_time_count2=0;
User\main.c: 6 warnings, 0 errors
compiling BlueSerial.c...
linking...
Program Size: Code=26168 RO-data=9108 RW-data=232 ZI-data=1960  
".\Objects\Project.axf" - 0 Error(s), 6 Warning(s).

<h2>Software Packages used:</h2>

Package Vendor: Keil
                http://www.keil.com/pack/Keil.STM32F1xx_DFP.2.4.0.pack
                Keil.STM32F1xx_DFP.2.4.0
                STMicroelectronics STM32F1 Series Device Support, Drivers and Examples

<h2>Collection of Component include folders:</h2>
  D:/keilv5/Packs/Keil/STM32F1xx_DFP/2.4.0/Device/Include

<h2>Collection of Component Files used:</h2>
Build Time Elapsed:  00:00:02
</pre>
</body>
</html>
