Component: ARM Compiler 5.06 update 7 (build 960) Tool: armlink [4d3601]

==============================================================================

Section Cross References

    startup_stm32f10x_md.o(STACK) refers (Special) to heapauxi.o(.text) for __use_two_region_memory
    startup_stm32f10x_md.o(HEAP) refers (Special) to heapauxi.o(.text) for __use_two_region_memory
    startup_stm32f10x_md.o(RESET) refers (Special) to heapauxi.o(.text) for __use_two_region_memory
    startup_stm32f10x_md.o(RESET) refers to startup_stm32f10x_md.o(STACK) for __initial_sp
    startup_stm32f10x_md.o(RESET) refers to startup_stm32f10x_md.o(.text) for Reset_Handler
    startup_stm32f10x_md.o(RESET) refers to stm32f10x_it.o(i.NMI_Handler) for NMI_Handler
    startup_stm32f10x_md.o(RESET) refers to stm32f10x_it.o(i.HardFault_Handler) for HardFault_Handler
    startup_stm32f10x_md.o(RESET) refers to stm32f10x_it.o(i.MemManage_Handler) for MemManage_Handler
    startup_stm32f10x_md.o(RESET) refers to stm32f10x_it.o(i.BusFault_Handler) for BusFault_Handler
    startup_stm32f10x_md.o(RESET) refers to stm32f10x_it.o(i.UsageFault_Handler) for UsageFault_Handler
    startup_stm32f10x_md.o(RESET) refers to stm32f10x_it.o(i.SVC_Handler) for SVC_Handler
    startup_stm32f10x_md.o(RESET) refers to stm32f10x_it.o(i.DebugMon_Handler) for DebugMon_Handler
    startup_stm32f10x_md.o(RESET) refers to stm32f10x_it.o(i.PendSV_Handler) for PendSV_Handler
    startup_stm32f10x_md.o(RESET) refers to stm32f10x_it.o(i.SysTick_Handler) for SysTick_Handler
    startup_stm32f10x_md.o(RESET) refers to main.o(i.TIM1_UP_IRQHandler) for TIM1_UP_IRQHandler
    startup_stm32f10x_md.o(RESET) refers to blueserial.o(i.USART1_IRQHandler) for USART1_IRQHandler
    startup_stm32f10x_md.o(.text) refers (Special) to heapauxi.o(.text) for __use_two_region_memory
    startup_stm32f10x_md.o(.text) refers to system_stm32f10x.o(i.SystemInit) for SystemInit
    startup_stm32f10x_md.o(.text) refers to __main.o(!!!main) for __main
    startup_stm32f10x_md.o(.text) refers to startup_stm32f10x_md.o(HEAP) for Heap_Mem
    startup_stm32f10x_md.o(.text) refers to startup_stm32f10x_md.o(STACK) for Stack_Mem
    system_stm32f10x.o(i.SetSysClock) refers to system_stm32f10x.o(i.SetSysClockTo72) for SetSysClockTo72
    system_stm32f10x.o(i.SystemCoreClockUpdate) refers to system_stm32f10x.o(.data) for SystemCoreClock
    system_stm32f10x.o(i.SystemInit) refers to system_stm32f10x.o(i.SetSysClock) for SetSysClock
    stm32f10x_adc.o(i.ADC_DeInit) refers to stm32f10x_rcc.o(i.RCC_APB2PeriphResetCmd) for RCC_APB2PeriphResetCmd
    stm32f10x_bkp.o(i.BKP_DeInit) refers to stm32f10x_rcc.o(i.RCC_BackupResetCmd) for RCC_BackupResetCmd
    stm32f10x_can.o(i.CAN_DeInit) refers to stm32f10x_rcc.o(i.RCC_APB1PeriphResetCmd) for RCC_APB1PeriphResetCmd
    stm32f10x_can.o(i.CAN_GetITStatus) refers to stm32f10x_can.o(i.CheckITStatus) for CheckITStatus
    stm32f10x_cec.o(i.CEC_DeInit) refers to stm32f10x_rcc.o(i.RCC_APB1PeriphResetCmd) for RCC_APB1PeriphResetCmd
    stm32f10x_dac.o(i.DAC_DeInit) refers to stm32f10x_rcc.o(i.RCC_APB1PeriphResetCmd) for RCC_APB1PeriphResetCmd
    stm32f10x_flash.o(i.FLASH_EnableWriteProtection) refers to stm32f10x_flash.o(i.FLASH_WaitForLastOperation) for FLASH_WaitForLastOperation
    stm32f10x_flash.o(i.FLASH_EraseAllBank1Pages) refers to stm32f10x_flash.o(i.FLASH_WaitForLastBank1Operation) for FLASH_WaitForLastBank1Operation
    stm32f10x_flash.o(i.FLASH_EraseAllPages) refers to stm32f10x_flash.o(i.FLASH_WaitForLastOperation) for FLASH_WaitForLastOperation
    stm32f10x_flash.o(i.FLASH_EraseOptionBytes) refers to stm32f10x_flash.o(i.FLASH_GetReadOutProtectionStatus) for FLASH_GetReadOutProtectionStatus
    stm32f10x_flash.o(i.FLASH_EraseOptionBytes) refers to stm32f10x_flash.o(i.FLASH_WaitForLastOperation) for FLASH_WaitForLastOperation
    stm32f10x_flash.o(i.FLASH_ErasePage) refers to stm32f10x_flash.o(i.FLASH_WaitForLastOperation) for FLASH_WaitForLastOperation
    stm32f10x_flash.o(i.FLASH_ProgramHalfWord) refers to stm32f10x_flash.o(i.FLASH_WaitForLastOperation) for FLASH_WaitForLastOperation
    stm32f10x_flash.o(i.FLASH_ProgramOptionByteData) refers to stm32f10x_flash.o(i.FLASH_WaitForLastOperation) for FLASH_WaitForLastOperation
    stm32f10x_flash.o(i.FLASH_ProgramWord) refers to stm32f10x_flash.o(i.FLASH_WaitForLastOperation) for FLASH_WaitForLastOperation
    stm32f10x_flash.o(i.FLASH_ReadOutProtection) refers to stm32f10x_flash.o(i.FLASH_WaitForLastOperation) for FLASH_WaitForLastOperation
    stm32f10x_flash.o(i.FLASH_UserOptionByteConfig) refers to stm32f10x_flash.o(i.FLASH_WaitForLastOperation) for FLASH_WaitForLastOperation
    stm32f10x_flash.o(i.FLASH_WaitForLastBank1Operation) refers to stm32f10x_flash.o(i.FLASH_GetBank1Status) for FLASH_GetBank1Status
    stm32f10x_flash.o(i.FLASH_WaitForLastOperation) refers to stm32f10x_flash.o(i.FLASH_GetBank1Status) for FLASH_GetBank1Status
[...]
    __rt_lib_shutdown_heap_1                 0x08000213   Thumb Code     0  libshutdown2.o(.ARM.Collect$$libshutdown$$00000011)
    __rt_lib_shutdown_return                 0x08000213   Thumb Code     0  libshutdown2.o(.ARM.Collect$$libshutdown$$00000012)
    __rt_lib_shutdown_signal_1               0x08000213   Thumb Code     0  libshutdown2.o(.ARM.Collect$$libshutdown$$0000000C)
    __rt_lib_shutdown_stdio_1                0x08000213   Thumb Code     0  libshutdown2.o(.ARM.Collect$$libshutdown$$00000006)
    __rt_lib_shutdown_user_alloc_1           0x08000213   Thumb Code     0  libshutdown2.o(.ARM.Collect$$libshutdown$$0000000E)
    __rt_entry                               0x08000215   Thumb Code     0  __rtentry.o(.ARM.Collect$$rtentry$$00000000)
    __rt_entry_presh_1                       0x08000215   Thumb Code     0  __rtentry2.o(.ARM.Collect$$rtentry$$00000002)
    __rt_entry_sh                            0x08000215   Thumb Code     0  __rtentry4.o(.ARM.Collect$$rtentry$$00000004)
    __rt_entry_li                            0x0800021b   Thumb Code     0  __rtentry2.o(.ARM.Collect$$rtentry$$0000000A)
    __rt_entry_postsh_1                      0x0800021b   Thumb Code     0  __rtentry2.o(.ARM.Collect$$rtentry$$00000009)
    __rt_entry_main                          0x0800021f   Thumb Code     0  __rtentry2.o(.ARM.Collect$$rtentry$$0000000D)
    __rt_entry_postli_1                      0x0800021f   Thumb Code     0  __rtentry2.o(.ARM.Collect$$rtentry$$0000000C)
    __rt_exit                                0x08000227   Thumb Code     0  rtexit.o(.ARM.Collect$$rtexit$$00000000)
    __rt_exit_ls                             0x08000229   Thumb Code     0  rtexit2.o(.ARM.Collect$$rtexit$$00000003)
    __rt_exit_prels_1                        0x08000229   Thumb Code     0  rtexit2.o(.ARM.Collect$$rtexit$$00000002)
    __rt_exit_exit                           0x0800022d   Thumb Code     0  rtexit2.o(.ARM.Collect$$rtexit$$00000004)
    Reset_Handler                            0x08000235   Thumb Code     8  startup_stm32f10x_md.o(.text)
    ADC1_2_IRQHandler                        0x0800024f   Thumb Code     0  startup_stm32f10x_md.o(.text)
    CAN1_RX1_IRQHandler                      0x0800024f   Thumb Code     0  startup_stm32f10x_md.o(.text)
    CAN1_SCE_IRQHandler                      0x0800024f   Thumb Code     0  startup_stm32f10x_md.o(.text)
    DMA1_Channel1_IRQHandler                 0x0800024f   Thumb Code     0  startup_stm32f10x_md.o(.text)
    DMA1_Channel2_IRQHandler                 0x0800024f   Thumb Code     0  startup_stm32f10x_md.o(.text)
    DMA1_Channel3_IRQHandler                 0x0800024f   Thumb Code     0  startup_stm32f10x_md.o(.text)
    DMA1_Channel4_IRQHandler                 0x0800024f   Thumb Code     0  startup_stm32f10x_md.o(.text)
    DMA1_Channel5_IRQHandler                 0x0800024f   Thumb Code     0  startup_stm32f10x_md.o(.text)
    DMA1_Channel6_IRQHandler                 0x0800024f   Thumb Code     0  startup_stm32f10x_md.o(.text)
    DMA1_Channel7_IRQHandler                 0x0800024f   Thumb Code     0  startup_stm32f10x_md.o(.text)
    EXTI0_IRQHandler                         0x0800024f   Thumb Code     0  startup_stm32f10x_md.o(.text)
    EXTI15_10_IRQHandler                     0x0800024f   Thumb Code     0  startup_stm32f10x_md.o(.text)
    EXTI1_IRQHandler                         0x0800024f   Thumb Code     0  startup_stm32f10x_md.o(.text)
    EXTI2_IRQHandler                         0x0800024f   Thumb Code     0  startup_stm32f10x_md.o(.text)
    EXTI3_IRQHandler                         0x0800024f   Thumb Code     0  startup_stm32f10x_md.o(.text)
    EXTI4_IRQHandler                         0x0800024f   Thumb Code     0  startup_stm32f10x_md.o(.text)
    EXTI9_5_IRQHandler                       0x0800024f   Thumb Code     0  startup_stm32f10x_md.o(.text)
    FLASH_IRQHandler                         0x0800024f   Thumb Code     0  startup_stm32f10x_md.o(.text)
    I2C1_ER_IRQHandler                       0x0800024f   Thumb Code     0  startup_stm32f10x_md.o(.text)
    I2C1_EV_IRQHandler                       0x0800024f   Thumb Code     0  startup_stm32f10x_md.o(.text)
    I2C2_ER_IRQHandler                       0x0800024f   Thumb Code     0  startup_stm32f10x_md.o(.text)
    I2C2_EV_IRQHandler                       0x0800024f   Thumb Code     0  startup_stm32f10x_md.o(.text)
    PVD_IRQHandler                           0x0800024f   Thumb Code     0  startup_stm32f10x_md.o(.text)
    RCC_IRQHandler                           0x0800024f   Thumb Code     0  startup_stm32f10x_md.o(.text)
    RTCAlarm_IRQHandler                      0x0800024f   Thumb Code     0  startup_stm32f10x_md.o(.text)
    RTC_IRQHandler                           0x0800024f   Thumb Code     0  startup_stm32f10x_md.o(.text)
    SPI1_IRQHandler                          0x0800024f   Thumb Code     0  startup_stm32f10x_md.o(.text)
    SPI2_IRQHandler                          0x0800024f   Thumb Code     0  startup_stm32f10x_md.o(.text)
    TAMPER_IRQHandler                        0x0800024f   Thumb Code     0  startup_stm32f10x_md.o(.text)
    TIM1_BRK_IRQHandler                      0x0800024f   Thumb Code     0  startup_stm32f10x_md.o(.text)
    TIM1_CC_IRQHandler                       0x0800024f   Thumb Code     0  startup_stm32f10x_md.o(.text)
    TIM1_TRG_COM_IRQHandler                  0x0800024f   Thumb Code     0  startup_stm32f10x_md.o(.text)
    TIM2_IRQHandler                          0x0800024f   Thumb Code     0  startup_stm32f10x_md.o(.text)
    TIM3_IRQHandler                          0x0800024f   Thumb Code     0  startup_stm32f10x_md.o(.text)
    TIM4_IRQHandler                          0x0800024f   Thumb Code     0  startup_stm32f10x_md.o(.text)
    USART2_IRQHandler                        0x0800024f   Thumb Code     0  startup_stm32f10x_md.o(.text)
    USART3_IRQHandler                        0x0800024f   Thumb Code     0  startup_stm32f10x_md.o(.text)
    USBWakeUp_IRQHandler                     0x0800024f   Thumb Code     0  startup_stm32f10x_md.o(.text)
    USB_HP_CAN1_TX_IRQHandler                0x0800024f   Thumb Code     0  startup_stm32f10x_md.o(.text)
    USB_LP_CAN1_RX0_IRQHandler               0x0800024f   Thumb Code     0  startup_stm32f10x_md.o(.text)
    WWDG_IRQHandler                          0x0800024f   Thumb Code     0  startup_stm32f10x_md.o(.text)
    __user_initial_stackheap                 0x08000251   Thumb Code     0  startup_stm32f10x_md.o(.text)
    vsprintf                                 0x08000275   Thumb Code    32  vsprintf.o(.text)
    atoi                                     0x08000299   Thumb Code    26  atoi.o(.text)
    strtok                                   0x080002b5   Thumb Code     6  strtok.o(.text)
    __aeabi_memclr4                          0x080002c1   Thumb Code     0  rt_memclr_w.o(.text)
    __aeabi_memclr8                          0x080002c1   Thumb Code     0  rt_memclr_w.o(.text)
    __rt_memclr_w                            0x080002c1   Thumb Code    78  rt_memclr_w.o(.text)
    _memset_w                                0x080002c5   Thumb Code     0  rt_memclr_w.o(.text)
    strcmp                                   0x08000311   Thumb Code   128  strcmpv7m.o(.text)
    __use_two_region_memory                  0x08000391   Thumb Code     2  heapauxi.o(.text)
    __rt_heap_escrow$2region                 0x08000393   Thumb Code     2  heapauxi.o(.text)
    __rt_heap_expand$2region                 0x08000395   Thumb Code     2  heapauxi.o(.text)
    __aeabi_errno_addr                       0x08000399   Thumb Code     8  rt_errno_addr_intlibspace.o(.text)
    __errno$intlibspace                      0x08000399   Thumb Code     0  rt_errno_addr_intlibspace.o(.text)
    __rt_errno_addr$intlibspace              0x08000399   Thumb Code     0  rt_errno_addr_intlibspace.o(.text)
    __read_errno                             0x080003a1   Thumb Code    10  _rserrno.o(.text)
    __set_errno                              0x080003ab   Thumb Code    12  _rserrno.o(.text)
    _printf_pre_padding                      0x080003b7   Thumb Code    44  _printf_pad.o(.text)
    _printf_post_padding                     0x080003e3   Thumb Code    34  _printf_pad.o(.text)
    _printf_truncate_signed                  0x08000405   Thumb Code    18  _printf_truncate.o(.text)
    _printf_truncate_unsigned                0x08000417   Thumb Code    18  _printf_truncate.o(.text)
    _printf_str                              0x08000429   Thumb Code    82  _printf_str.o(.text)
    _printf_int_dec                          0x0800047d   Thumb Code   104  _printf_dec.o(.text)
    _printf_charcount                        0x080004f5   Thumb Code    40  _printf_charcount.o(.text)
    _printf_char_common                      0x08000527   Thumb Code    32  _printf_char_common.o(.text)
    _sputc                                   0x0800054d   Thumb Code    10  _sputc.o(.text)
    _printf_wctomb                           0x08000559   Thumb Code   182  _printf_wctomb.o(.text)
    _printf_longlong_dec                     0x08000615   Thumb Code   108  _printf_longlong_dec.o(.text)
    _printf_longlong_oct                     0x08000691   Thumb Code    66  _printf_oct_int_ll.o(.text)
    _printf_int_oct                          0x080006d3   Thumb Code    24  _printf_oct_int_ll.o(.text)
    _printf_ll_oct                           0x080006eb   Thumb Code    12  _printf_oct_int_ll.o(.text)
    _printf_longlong_hex                     0x08000701   Thumb Code    86  _printf_hex_int_ll_ptr.o(.text)
    _printf_int_hex                          0x08000757   Thumb Code    28  _printf_hex_int_ll_ptr.o(.text)
    _printf_ll_hex                           0x08000773   Thumb Code    12  _printf_hex_int_ll_ptr.o(.text)
    _printf_hex_ptr                          0x0800077f   Thumb Code    18  _printf_hex_int_ll_ptr.o(.text)
    __printf                                 0x08000795   Thumb Code   388  __printf_flags_ss_wp.o(.text)
    __strtod_int                             0x08000959   Thumb Code    90  strtod.o(.text)
    strtol                                   0x080009c1   Thumb Code   112  strtol.o(.text)
    __strtok_internal                        0x08000a31   Thumb Code    64  strtok_int.o(.text)
    __user_libspace                          0x08000a75   Thumb Code     8  libspace.o(.text)
    __user_perproc_libspace                  0x08000a75   Thumb Code     0  libspace.o(.text)
    __user_perthread_libspace                0x08000a75   Thumb Code     0  libspace.o(.text)
    __rt_ctype_table                         0x08000a7d   Thumb Code    16  rt_ctype_table.o(.text)
    _ll_udiv10                               0x08000a8d   Thumb Code   138  lludiv10.o(.text)
    isspace                                  0x08000b17   Thumb Code    18  isspace.o(.text)
    _printf_int_common                       0x08000b29   Thumb Code   178  _printf_intcommon.o(.text)
    __lib_sel_fp_printf                      0x08000bdb   Thumb Code     2  _printf_fp_dec.o(.text)
    _printf_fp_dec_real                      0x08000d8d   Thumb Code   620  _printf_fp_dec.o(.text)
    _printf_fp_hex_real                      0x08000ff9   Thumb Code   756  _printf_fp_hex.o(.text)
    _printf_cs_common                        0x080012f5   Thumb Code    20  _printf_char.o(.text)
    _printf_char                             0x08001309   Thumb Code    16  _printf_char.o(.text)
    _printf_string                           0x08001319   Thumb Code     8  _printf_char.o(.text)
    _printf_lcs_common                       0x08001321   Thumb Code    20  _printf_wchar.o(.text)
    _printf_wchar                            0x08001335   Thumb Code    16  _printf_wchar.o(.text)
    _printf_wstring                          0x08001345   Thumb Code     8  _printf_wchar.o(.text)
    _sgetc                                   0x0800134d   Thumb Code    30  _sgetc.o(.text)
    _sbackspace                              0x0800136b   Thumb Code    34  _sgetc.o(.text)
    _strtoul                                 0x0800138d   Thumb Code   158  _strtoul.o(.text)
    _wcrtomb                                 0x0800142b   Thumb Code    64  _wcrtomb.o(.text)
    strcspn                                  0x0800146b   Thumb Code    32  strcspn.o(.text)
    strspn                                   0x0800148b   Thumb Code    28  strspn.o(.text)
    __user_setup_stackheap                   0x080014a7   Thumb Code    74  sys_stackheap_outer.o(.text)
    __rt_locale                              0x080014f1   Thumb Code     8  rt_locale_intlibspace.o(.text)
    _printf_fp_infnan                        0x080014f9   Thumb Code   112  _printf_fp_infnan.o(.text)
    _chval                                   0x08001579   Thumb Code    28  _chval.o(.text)
    _scanf_really_real                       0x080017e1   Thumb Code   684  scanf_fp.o(.text)
    _btod_etento                             0x08001a8d   Thumb Code   224  bigflt0.o(.text)
    exit                                     0x08001b71   Thumb Code    18  exit.o(.text)
    _scanf_really_hex_real                   0x08001b85   Thumb Code   786  scanf_hexfp.o(.text)
    _scanf_really_infnan                     0x08001ea5   Thumb Code   292  scanf_infnan.o(.text)
    _sys_exit                                0x08001fd9   Thumb Code     8  sys_exit.o(.text)
    __aeabi_llsl                             0x08001fe5   Thumb Code     0  llshl.o(.text)
    _ll_shift_l                              0x08001fe5   Thumb Code    38  llshl.o(.text)
    __I$use$semihosting                      0x0800200b   Thumb Code     0  use_no_semi.o(.text)
    __use_no_semihosting_swi                 0x0800200b   Thumb Code     2  use_no_semi.o(.text)
    __semihosting_library_function           0x0800200d   Thumb Code     0  indicate_semi.o(.text)
    _btod_d2e                                0x0800200d   Thumb Code    62  btod.o(CL$$btod_d2e)
    _d2e_denorm_low                          0x0800204b   Thumb Code    70  btod.o(CL$$btod_d2e_denorm_low)
    _d2e_norm_op1                            0x08002091   Thumb Code    96  btod.o(CL$$btod_d2e_norm_op1)
    __btod_div_common                        0x080020f1   Thumb Code   696  btod.o(CL$$btod_div_common)
    _e2d                                     0x08002429   Thumb Code   122  btod.o(CL$$btod_e2d)
    _e2e                                     0x080024ad   Thumb Code   220  btod.o(CL$$btod_e2e)
    _btod_ediv                               0x08002589   Thumb Code    42  btod.o(CL$$btod_ediv)
    _btod_edivd                              0x080025b3   Thumb Code    42  btod.o(CL$$btod_edivd)
    _btod_emul                               0x080025dd   Thumb Code    42  btod.o(CL$$btod_emul)
    _btod_emuld                              0x08002607   Thumb Code    42  btod.o(CL$$btod_emuld)
    __btod_mult_common                       0x08002631   Thumb Code   580  btod.o(CL$$btod_mult_common)
    BlueSeiral_Proc                          0x08002875   Thumb Code  1898  blueserial.o(i.BlueSeiral_Proc)
    BusFault_Handler                         0x0800303d   Thumb Code     4  stm32f10x_it.o(i.BusFault_Handler)
    DebugMon_Handler                         0x08003041   Thumb Code     2  stm32f10x_it.o(i.DebugMon_Handler)
    Delay                                    0x08003045   Thumb Code    32  delay.o(i.Delay)
    Delay_Init                               0x08003069   Thumb Code   192  delay.o(i.Delay_Init)
    Encoder_Get                              0x0800313d   Thumb Code    56  encoder.o(i.Encoder_Get)
    Encoder_Init                             0x0800317d   Thumb Code   296  encoder.o(i.Encoder_Init)
    GPIO_Init                                0x080032b5   Thumb Code   278  stm32f10x_gpio.o(i.GPIO_Init)
    GPIO_ReadInputDataBit                    0x080033cb   Thumb Code    18  stm32f10x_gpio.o(i.GPIO_ReadInputDataBit)
    GPIO_ResetBits                           0x080033dd   Thumb Code     4  stm32f10x_gpio.o(i.GPIO_ResetBits)
    GPIO_SetBits                             0x080033e1   Thumb Code     4  stm32f10x_gpio.o(i.GPIO_SetBits)
    GPIO_WriteBit                            0x080033e5   Thumb Code    10  stm32f10x_gpio.o(i.GPIO_WriteBit)
    Get_Speed                                0x080033f1   Thumb Code   126  app_control.o(i.Get_Speed)
    HardFault_Handler                        0x08003489   Thumb Code     4  stm32f10x_it.o(i.HardFault_Handler)
    Init                                     0x0800348d   Thumb Code   124  main.o(i.Init)
    MPU6050_GetRaw                           0x08003599   Thumb Code   140  mpu6050.o(i.MPU6050_GetRaw)
    MPU6050_Init                             0x08003641   Thumb Code    62  mpu6050.o(i.MPU6050_Init)
    MPU6050_Proc                             0x08003689   Thumb Code   262  mpu6050.o(i.MPU6050_Proc)
    MPU6050_ReadRegs                         0x080037e9   Thumb Code    94  mpu6050.o(i.MPU6050_ReadRegs)
    MPU6050_WriteReg                         0x08003847   Thumb Code    46  mpu6050.o(i.MPU6050_WriteReg)
    MemManage_Handler                        0x08003875   Thumb Code     4  stm32f10x_it.o(i.MemManage_Handler)
    Motor_Cmd                                0x08003879   Thumb Code    24  motor.o(i.Motor_Cmd)
    Motor_Init                               0x08003891   Thumb Code    54  motor.o(i.Motor_Init)
    Motor_SetPWM                             0x080038cd   Thumb Code   138  motor.o(i.Motor_SetPWM)
    MyI2C_Init                               0x0800395d   Thumb Code    50  myi2c.o(i.MyI2C_Init)
    MyI2C_R_SDA                              0x08003995   Thumb Code    18  myi2c.o(i.MyI2C_R_SDA)
    MyI2C_ReceiveAck                         0x080039ad   Thumb Code    30  myi2c.o(i.MyI2C_ReceiveAck)
    MyI2C_ReceiveByte                        0x080039cb   Thumb Code    50  myi2c.o(i.MyI2C_ReceiveByte)
    MyI2C_SendAck                            0x080039fd   Thumb Code    24  myi2c.o(i.MyI2C_SendAck)
    MyI2C_SendByte                           0x08003a15   Thumb Code    50  myi2c.o(i.MyI2C_SendByte)
    MyI2C_Start                              0x08003a47   Thumb Code    28  myi2c.o(i.MyI2C_Start)
    MyI2C_Stop                               0x08003a63   Thumb Code    22  myi2c.o(i.MyI2C_Stop)
    MyI2C_W_SCL                              0x08003a79   Thumb Code    18  myi2c.o(i.MyI2C_W_SCL)
    MyI2C_W_SDA                              0x08003a91   Thumb Code    18  myi2c.o(i.MyI2C_W_SDA)
    NMI_Handler                              0x08003aa9   Thumb Code     2  stm32f10x_it.o(i.NMI_Handler)
    NVIC_Init                                0x08003aad   Thumb Code   100  misc.o(i.NVIC_Init)
    NVIC_PriorityGroupConfig                 0x08003b1d   Thumb Code    10  misc.o(i.NVIC_PriorityGroupConfig)
    On_Off_Flag_Proc                         0x08003b31   Thumb Code   166  main.o(i.On_Off_Flag_Proc)
    PID_Init                                 0x08003c19   Thumb Code    24  pid.o(i.PID_Init)
    PID_Update                               0x08003c39   Thumb Code   176  pid.o(i.PID_Update)
    PWM_Cmd                                  0x08003ce9   Thumb Code    30  pwm.o(i.PWM_Cmd)
    PWM_Init                                 0x08003d0d   Thumb Code   188  pwm.o(i.PWM_Init)
    PWM_SetCompare1                          0x08003dd1   Thumb Code    16  pwm.o(i.PWM_SetCompare1)
    PWM_SetCompare2                          0x08003de1   Thumb Code    16  pwm.o(i.PWM_SetCompare2)
    PendSV_Handler                           0x08003df1   Thumb Code     2  stm32f10x_it.o(i.PendSV_Handler)
    RCC_APB1PeriphClockCmd                   0x08003df5   Thumb Code    26  stm32f10x_rcc.o(i.RCC_APB1PeriphClockCmd)
    RCC_APB2PeriphClockCmd                   0x08003e15   Thumb Code    26  stm32f10x_rcc.o(i.RCC_APB2PeriphClockCmd)
    RCC_GetClocksFreq                        0x08003e35   Thumb Code   192  stm32f10x_rcc.o(i.RCC_GetClocksFreq)
    SVC_Handler                              0x08003f09   Thumb Code     2  stm32f10x_it.o(i.SVC_Handler)
    Serial_Init                              0x08003f0d   Thumb Code   166  blueserial.o(i.Serial_Init)
    Serial_Printf                            0x08003fbd   Thumb Code    36  blueserial.o(i.Serial_Printf)
    Serial_SendByte                          0x08003fe1   Thumb Code    28  blueserial.o(i.Serial_SendByte)
    Serial_SendString                        0x08004001   Thumb Code    26  blueserial.o(i.Serial_SendString)
    SysTick_Handler                          0x08004105   Thumb Code    24  stm32f10x_it.o(i.SysTick_Handler)
    SystemInit                               0x08004121   Thumb Code    78  system_stm32f10x.o(i.SystemInit)
    TIM1_UP_IRQHandler                       0x080043c1   Thumb Code   170  main.o(i.TIM1_UP_IRQHandler)
    TIM_ClearFlag                            0x08004491   Thumb Code     6  stm32f10x_tim.o(i.TIM_ClearFlag)
    TIM_ClearITPendingBit                    0x08004497   Thumb Code     6  stm32f10x_tim.o(i.TIM_ClearITPendingBit)
    TIM_Cmd                                  0x0800449d   Thumb Code    24  stm32f10x_tim.o(i.TIM_Cmd)
    TIM_EncoderInterfaceConfig               0x080044b5   Thumb Code    66  stm32f10x_tim.o(i.TIM_EncoderInterfaceConfig)
    TIM_GetCounter                           0x080044f7   Thumb Code     6  stm32f10x_tim.o(i.TIM_GetCounter)
    TIM_GetITStatus                          0x080044fd   Thumb Code    34  stm32f10x_tim.o(i.TIM_GetITStatus)
    TIM_ICInit                               0x08004521   Thumb Code   150  stm32f10x_tim.o(i.TIM_ICInit)
    TIM_ICStructInit                         0x080045cd   Thumb Code    18  stm32f10x_tim.o(i.TIM_ICStructInit)
    TIM_ITConfig                             0x080045df   Thumb Code    18  stm32f10x_tim.o(i.TIM_ITConfig)
    TIM_InternalClockConfig                  0x080045f1   Thumb Code    12  stm32f10x_tim.o(i.TIM_InternalClockConfig)
    TIM_OC1Init                              0x080045fd   Thumb Code   132  stm32f10x_tim.o(i.TIM_OC1Init)
    TIM_OC2Init                              0x08004695   Thumb Code   154  stm32f10x_tim.o(i.TIM_OC2Init)
    TIM_OCStructInit                         0x08004739   Thumb Code    20  stm32f10x_tim.o(i.TIM_OCStructInit)
    TIM_SetCompare1                          0x0800474d   Thumb Code     4  stm32f10x_tim.o(i.TIM_SetCompare1)
    TIM_SetCompare2                          0x08004751   Thumb Code     4  stm32f10x_tim.o(i.TIM_SetCompare2)
    TIM_SetCounter                           0x08004755   Thumb Code     4  stm32f10x_tim.o(i.TIM_SetCounter)
    TIM_SetIC1Prescaler                      0x08004759   Thumb Code    18  stm32f10x_tim.o(i.TIM_SetIC1Prescaler)
    TIM_SetIC2Prescaler                      0x0800476b   Thumb Code    26  stm32f10x_tim.o(i.TIM_SetIC2Prescaler)
    TIM_SetIC3Prescaler                      0x08004785   Thumb Code    18  stm32f10x_tim.o(i.TIM_SetIC3Prescaler)
    TIM_SetIC4Prescaler                      0x08004797   Thumb Code    26  stm32f10x_tim.o(i.TIM_SetIC4Prescaler)
    TIM_TimeBaseInit                         0x080047b1   Thumb Code   122  stm32f10x_tim.o(i.TIM_TimeBaseInit)
    Timer_Init                               0x08004855   Thumb Code   120  timer.o(i.Timer_Init)
    USART1_IRQHandler                        0x080048d1   Thumb Code   120  blueserial.o(i.USART1_IRQHandler)
    USART_ClearITPendingBit                  0x0800495d   Thumb Code    30  stm32f10x_usart.o(i.USART_ClearITPendingBit)
    USART_Cmd                                0x0800497b   Thumb Code    24  stm32f10x_usart.o(i.USART_Cmd)
    USART_GetFlagStatus                      0x08004993   Thumb Code    26  stm32f10x_usart.o(i.USART_GetFlagStatus)
    USART_GetITStatus                        0x080049ad   Thumb Code    84  stm32f10x_usart.o(i.USART_GetITStatus)
    USART_ITConfig                           0x08004a01   Thumb Code    74  stm32f10x_usart.o(i.USART_ITConfig)
    USART_Init                               0x08004a4d   Thumb Code   210  stm32f10x_usart.o(i.USART_Init)
    USART_ReceiveData                        0x08004b25   Thumb Code    10  stm32f10x_usart.o(i.USART_ReceiveData)
    USART_SendData                           0x08004b2f   Thumb Code     8  stm32f10x_usart.o(i.USART_SendData)
    UsageFault_Handler                       0x08004b37   Thumb Code     4  stm32f10x_it.o(i.UsageFault_Handler)
    __ARM_fpclassify                         0x08004b3b   Thumb Code    40  fpclassify.o(i.__ARM_fpclassify)
    __mathlib_dbl_overflow                   0x08004b63   Thumb Code    14  dunder.o(i.__mathlib_dbl_overflow)
    __mathlib_dbl_underflow                  0x08004b71   Thumb Code    10  dunder.o(i.__mathlib_dbl_underflow)
    __mathlib_narrow                         0x08004b81   Thumb Code    16  narrow.o(i.__mathlib_narrow)
    __mathlib_tofloat                        0x08004b91   Thumb Code   184  narrow.o(i.__mathlib_tofloat)
    __support_ldexp                          0x08004c4d   Thumb Code    22  ldexp.o(i.__support_ldexp)
    _is_digit                                0x08004c63   Thumb Code    14  __printf_wp.o(i._is_digit)
    app_adjust_Alpha                         0x08004c71   Thumb Code     6  mpu6050.o(i.app_adjust_Alpha)
    app_adjust_Angle_Kd_pid                  0x08004c7d   Thumb Code     6  app_control.o(i.app_adjust_Angle_Kd_pid)
    app_adjust_Angle_Ki_pid                  0x08004c89   Thumb Code     6  app_control.o(i.app_adjust_Angle_Ki_pid)
    app_adjust_Angle_Kp_pid                  0x08004c95   Thumb Code     6  app_control.o(i.app_adjust_Angle_Kp_pid)
    app_adjust_angle_target                  0x08004ca1   Thumb Code     6  app_control.o(i.app_adjust_angle_target)
    app_adjust_difpwm                        0x08004cad   Thumb Code     6  app_control.o(i.app_adjust_difpwm)
    app_adjust_mechanical_median             0x08004cb9   Thumb Code     8  mpu6050.o(i.app_adjust_mechanical_median)
    app_adjust_outoffset                     0x08004cc5   Thumb Code     6  app_control.o(i.app_adjust_outoffset)
    app_adjust_speed_Kd_pid                  0x08004cd1   Thumb Code     6  app_control.o(i.app_adjust_speed_Kd_pid)
    app_adjust_speed_Ki_pid                  0x08004cdd   Thumb Code     6  app_control.o(i.app_adjust_speed_Ki_pid)
    app_adjust_speed_Kp_pid                  0x08004ce9   Thumb Code     6  app_control.o(i.app_adjust_speed_Kp_pid)
    app_adjust_speed_speed_target            0x08004cf5   Thumb Code     6  app_control.o(i.app_adjust_speed_speed_target)
    app_adjust_speed_target                  0x08004d01   Thumb Code     6  app_control.o(i.app_adjust_speed_target)
    app_adjust_turn_Kd_pid                   0x08004d0d   Thumb Code     6  app_control.o(i.app_adjust_turn_Kd_pid)
    app_adjust_turn_Ki_pid                   0x08004d19   Thumb Code     6  app_control.o(i.app_adjust_turn_Ki_pid)
    app_adjust_turn_Kp_pid                   0x08004d25   Thumb Code     6  app_control.o(i.app_adjust_turn_Kp_pid)
    app_angle_proc                           0x08004d31   Thumb Code   186  app_control.o(i.app_angle_proc)
    app_angle_reset                          0x08004e09   Thumb Code    88  app_control.o(i.app_angle_reset)
    app_control_init                         0x08004e7d   Thumb Code   100  app_control.o(i.app_control_init)
    app_get_Alpha                            0x08004f19   Thumb Code     6  mpu6050.o(i.app_get_Alpha)
    app_get_angle_actual                     0x08004f25   Thumb Code     6  app_control.o(i.app_get_angle_actual)
    app_get_angle_d                          0x08004f31   Thumb Code     6  app_control.o(i.app_get_angle_d)
    app_get_angle_err_int                    0x08004f3d   Thumb Code     6  app_control.o(i.app_get_angle_err_int)
    app_get_angle_err_k                      0x08004f49   Thumb Code     6  app_control.o(i.app_get_angle_err_k)
    app_get_angle_err_k_1                    0x08004f55   Thumb Code     6  app_control.o(i.app_get_angle_err_k_1)
    app_get_angle_i                          0x08004f61   Thumb Code     6  app_control.o(i.app_get_angle_i)
    app_get_angle_out                        0x08004f6d   Thumb Code     6  app_control.o(i.app_get_angle_out)
    app_get_angle_p                          0x08004f79   Thumb Code     6  app_control.o(i.app_get_angle_p)
    app_get_angle_target                     0x08004f85   Thumb Code     6  app_control.o(i.app_get_angle_target)
    app_get_gy_raw_bias                      0x08004f91   Thumb Code    14  mpu6050.o(i.app_get_gy_raw_bias)
    app_get_outoffset                        0x08004fa5   Thumb Code     6  app_control.o(i.app_get_outoffset)
    app_get_speed_d                          0x08004fb1   Thumb Code     6  app_control.o(i.app_get_speed_d)
    app_get_speed_i                          0x08004fbd   Thumb Code     6  app_control.o(i.app_get_speed_i)
    app_get_speed_p                          0x08004fc9   Thumb Code     6  app_control.o(i.app_get_speed_p)
    app_get_speed_target                     0x08004fd5   Thumb Code     6  app_control.o(i.app_get_speed_target)
    app_get_turn_d                           0x08004fe1   Thumb Code     6  app_control.o(i.app_get_turn_d)
    app_get_turn_i                           0x08004fed   Thumb Code     6  app_control.o(i.app_get_turn_i)
    app_get_turn_p                           0x08004ff9   Thumb Code     6  app_control.o(i.app_get_turn_p)
    app_get_turn_target                      0x08005005   Thumb Code     6  app_control.o(i.app_get_turn_target)
    app_speed_proc                           0x08005011   Thumb Code   128  app_control.o(i.app_speed_proc)
    app_turn_proc                            0x080050a9   Thumb Code   164  app_control.o(i.app_turn_proc)
    atof                                     0x08005175   Thumb Code    42  atof.o(i.atof)
    frexp                                    0x080051f5   Thumb Code    80  frexp.o(i.frexp)
    get_gy_raw_bias                          0x0800524d   Thumb Code    24  mpu6050.o(i.get_gy_raw_bias)
    gy_raw_adjust                            0x0800527d   Thumb Code    56  mpu6050.o(i.gy_raw_adjust)
    ldexp                                    0x080052bd   Thumb Code   116  ldexp.o(i.ldexp)
    main                                     0x08005331   Thumb Code    20  main.o(i.main)
    qatan                                    0x08005345   Thumb Code    84  qmath.o(i.qatan)
    qatan2                                   0x080053a9   Thumb Code   154  qmath.o(i.qatan2)
    _get_lc_numeric                          0x08005459   Thumb Code    44  lc_numeric_c.o(locale$$code)
    _get_lc_ctype                            0x08005485   Thumb Code    44  lc_ctype_c.o(locale$$code)
    __aeabi_d2f                              0x080054b1   Thumb Code     0  d2f.o(x$fpl$d2f)
    _d2f                                     0x080054b1   Thumb Code    98  d2f.o(x$fpl$d2f)
    __aeabi_dadd                             0x08005515   Thumb Code     0  daddsub_clz.o(x$fpl$dadd)
    _dadd                                    0x08005515   Thumb Code   332  daddsub_clz.o(x$fpl$dadd)
    __fpl_dcheck_NaN1                        0x08005665   Thumb Code    10  dcheck1.o(x$fpl$dcheck1)
    __fpl_dcmp_Inf                           0x08005675   Thumb Code    24  dcmpi.o(x$fpl$dcmpinf)
    __aeabi_ddiv                             0x0800568d   Thumb Code     0  ddiv.o(x$fpl$ddiv)
    _ddiv                                    0x0800568d   Thumb Code   552  ddiv.o(x$fpl$ddiv)
    __aeabi_cdcmpeq                          0x0800593d   Thumb Code     0  deqf.o(x$fpl$deqf)
    _dcmpeq                                  0x0800593d   Thumb Code   120  deqf.o(x$fpl$deqf)
    __aeabi_d2iz                             0x080059b5   Thumb Code     0  dfix.o(x$fpl$dfix)
    _dfix                                    0x080059b5   Thumb Code    94  dfix.o(x$fpl$dfix)
    __aeabi_i2d                              0x08005a13   Thumb Code     0  dflt_clz.o(x$fpl$dflt)
    _dflt                                    0x08005a13   Thumb Code    46  dflt_clz.o(x$fpl$dflt)
    __aeabi_ui2d                             0x08005a41   Thumb Code     0  dflt_clz.o(x$fpl$dfltu)
    _dfltu                                   0x08005a41   Thumb Code    38  dflt_clz.o(x$fpl$dfltu)
    __aeabi_cdcmple                          0x08005a69   Thumb Code     0  dleqf.o(x$fpl$dleqf)
    _dcmple                                  0x08005a69   Thumb Code   120  dleqf.o(x$fpl$dleqf)
    __fpl_dcmple_InfNaN                      0x08005acb   Thumb Code     0  dleqf.o(x$fpl$dleqf)
    __aeabi_dmul                             0x08005ae1   Thumb Code     0  dmul.o(x$fpl$dmul)
    _dmul                                    0x08005ae1   Thumb Code   332  dmul.o(x$fpl$dmul)
    __fpl_dnaninf                            0x08005c35   Thumb Code   156  dnaninf.o(x$fpl$dnaninf)
    __fpl_dretinf                            0x08005cd1   Thumb Code    12  dretinf.o(x$fpl$dretinf)
    __aeabi_cdrcmple                         0x08005cdd   Thumb Code     0  drleqf.o(x$fpl$drleqf)
    _drcmple                                 0x08005cdd   Thumb Code   108  drleqf.o(x$fpl$drleqf)
    __aeabi_dsub                             0x08005d49   Thumb Code     0  daddsub_clz.o(x$fpl$dsub)
    _dsub                                    0x08005d49   Thumb Code   464  daddsub_clz.o(x$fpl$dsub)
    __aeabi_f2d                              0x08005f1d   Thumb Code     0  f2d.o(x$fpl$f2d)
    _f2d                                     0x08005f1d   Thumb Code    86  f2d.o(x$fpl$f2d)
    __aeabi_fadd                             0x08005f75   Thumb Code     0  faddsub_clz.o(x$fpl$fadd)
    _fadd                                    0x08005f75   Thumb Code   196  faddsub_clz.o(x$fpl$fadd)
    __fpl_fcmp_Inf                           0x08006039   Thumb Code    24  fcmpi.o(x$fpl$fcmpinf)
    __aeabi_fdiv                             0x08006051   Thumb Code     0  fdiv.o(x$fpl$fdiv)
    _fdiv                                    0x08006051   Thumb Code   384  fdiv.o(x$fpl$fdiv)
    __aeabi_cfcmpeq                          0x080061d5   Thumb Code     0  feqf.o(x$fpl$feqf)
    _fcmpeq                                  0x080061d5   Thumb Code   104  feqf.o(x$fpl$feqf)
    __aeabi_f2iz                             0x0800623d   Thumb Code     0  ffix.o(x$fpl$ffix)
    _ffix                                    0x0800623d   Thumb Code    54  ffix.o(x$fpl$ffix)
    __aeabi_i2f                              0x08006275   Thumb Code     0  fflt_clz.o(x$fpl$fflt)
    _fflt                                    0x08006275   Thumb Code    48  fflt_clz.o(x$fpl$fflt)
    __aeabi_ui2f                             0x080062a5   Thumb Code     0  fflt_clz.o(x$fpl$ffltu)
    _ffltu                                   0x080062a5   Thumb Code    38  fflt_clz.o(x$fpl$ffltu)
    __aeabi_cfcmple                          0x080062cd   Thumb Code     0  fleqf.o(x$fpl$fleqf)
    _fcmple                                  0x080062cd   Thumb Code   104  fleqf.o(x$fpl$fleqf)
    __fpl_fcmple_InfNaN                      0x0800631f   Thumb Code     0  fleqf.o(x$fpl$fleqf)
    __aeabi_fmul                             0x08006335   Thumb Code     0  fmul.o(x$fpl$fmul)
    _fmul                                    0x08006335   Thumb Code   258  fmul.o(x$fpl$fmul)
    __fpl_fnaninf                            0x08006437   Thumb Code   140  fnaninf.o(x$fpl$fnaninf)
    __fpl_fretinf                            0x080064c3   Thumb Code    10  fretinf.o(x$fpl$fretinf)
    __aeabi_cfrcmple                         0x080064cd   Thumb Code     0  frleqf.o(x$fpl$frleqf)
    _frcmple                                 0x080064cd   Thumb Code    98  frleqf.o(x$fpl$frleqf)
    __aeabi_fsub                             0x08006531   Thumb Code     0  faddsub_clz.o(x$fpl$fsub)
    _fsub                                    0x08006531   Thumb Code   234  faddsub_clz.o(x$fpl$fsub)
    __ieee_status                            0x0800661b   Thumb Code     6  istatus.o(x$fpl$ieeestatus)
    _printf_fp_dec                           0x08006621   Thumb Code     4  printf1.o(x$fpl$printf1)
    _printf_fp_hex                           0x08006625   Thumb Code     4  printf2.o(x$fpl$printf2)
    __fpl_return_NaN                         0x08006629   Thumb Code   100  retnan.o(x$fpl$retnan)
    __ARM_scalbn                             0x0800668d   Thumb Code    92  scalbn.o(x$fpl$scalbn)
    _scanf_real                              0x080066e9   Thumb Code     4  scanf1.o(x$fpl$scanf1)
    _scanf_hex_real                          0x080066ed   Thumb Code     4  scanf2.o(x$fpl$scanf2)
    _scanf_infnan                            0x080066f1   Thumb Code     4  scanf2.o(x$fpl$scanf2)
    __fpl_cmpreturn                          0x080066f5   Thumb Code    48  trapv.o(x$fpl$trapveneer)
    __I$use$fp                               0x08006724   Number         0  usenofp.o(x$fpl$usenofp)
    Region$$Table$$Base                      0x08008870   Number         0  anon$$obj.o(Region$$Table)
    Region$$Table$$Limit                     0x08008890   Number         0  anon$$obj.o(Region$$Table)
    __aeabi_HUGE_VAL                         0x08008890   Data           0  fpconst.o(c$$dinf)
    __aeabi_HUGE_VALL                        0x08008890   Data           0  fpconst.o(c$$dinf)
    __aeabi_INFINITY                         0x08008890   Data           0  fpconst.o(c$$dinf)
    __dInf                                   0x08008890   Data           0  fpconst.o(c$$dinf)
    __huge_val                               0x08008890   Data           0  fpconst.o(c$$dinf)
    __dbl_max                                0x08008898   Data           0  fpconst.o(c$$dmax)
    __ctype                                  0x080088c9   Data           0  lc_ctype_c.o(locale$$data)
    ulTicks                                  0x20000014   Data           4  delay.o(.data)
    Alpha                                    0x20000020   Data           4  mpu6050.o(.data)
    out_flag                                 0x2000006c   Data           1  mpu6050.o(.data)
    AngleACC                                 0x20000070   Data           4  mpu6050.o(.data)
    AngleGyro                                0x20000074   Data           4  mpu6050.o(.data)
    Angle                                    0x20000078   Data           4  mpu6050.o(.data)
    Key1                                     0x2000007d   Data           1  blueserial.o(.data)
    omega_ref_test                           0x20000080   Data           4  blueserial.o(.data)
    test_open_flag                           0x20000084   Data           1  blueserial.o(.data)
    turn_flag                                0x20000085   Data           1  blueserial.o(.data)
    run_to_calm_cnt                          0x20000086   Data           1  blueserial.o(.data)
    Serial_RxFlag                            0x20000087   Data           1  blueserial.o(.data)
    pid_adjust_flag                          0x20000088   Data           1  blueserial.o(.data)
    LeftPWM                                  0x200000a0   Data           4  app_control.o(.data)
    RightPWM                                 0x200000a4   Data           4  app_control.o(.data)
    DifPWM                                   0x200000a8   Data           4  app_control.o(.data)
    AvePWM                                   0x200000ac   Data           4  app_control.o(.data)
    AveSpeed                                 0x200000b0   Data           4  app_control.o(.data)
    DifSpeed                                 0x200000b4   Data           4  app_control.o(.data)
    target_temp                              0x200000b8   Data           4  app_control.o(.data)
    Serial_RxPacket                          0x200000e8   Data         100  blueserial.o(.bss)
    __libspace_start                         0x2000022c   Data          96  libspace.o(.bss)
    __temporary_stack_top$libspace           0x2000028c   Data           0  libspace.o(.bss)



==============================================================================

Memory Map of the image

  Image Entry point : 0x080000ed

  Load Region LR_IROM1 (Base: 0x08000000, Size: 0x00008ab4, Max: 0x00010000, ABSOLUTE)

    Execution Region ER_IROM1 (Exec base: 0x08000000, Load base: 0x08000000, Size: 0x000089cc, Max: 0x00010000, ABSOLUTE)

    Exec Addr    Load Addr    Size         Type   Attr      Idx    E Section Name        Object

    0x08000000   0x08000000   0x000000ec   Data   RO            3    RESET               startup_stm32f10x_md.o
    0x080000ec   0x080000ec   0x00000008   Code   RO         4540  * !!!main             c_w.l(__main.o)
    0x080000f4   0x080000f4   0x00000034   Code   RO         5039    !!!scatter          c_w.l(__scatter.o)
    0x08000128   0x08000128   0x0000001a   Code   RO         5041    !!handler_copy      c_w.l(__scatter_copy.o)
    0x08000142   0x08000142   0x00000002   PAD
    0x08000144   0x08000144   0x0000001c   Code   RO         5043    !!handler_zi        c_w.l(__scatter_zi.o)
    0x08000160   0x08000160   0x00000000   Code   RO         4705    .ARM.Collect$$_printf_percent$$00000000  c_w.l(_printf_percent.o)
    0x08000160   0x08000160   0x00000006   Code   RO         4694    .ARM.Collect$$_printf_percent$$00000001  c_w.l(_printf_n.o)
    0x08000166   0x08000166   0x00000006   Code   RO         4696    .ARM.Collect$$_printf_percent$$00000002  c_w.l(_printf_p.o)
    0x0800016c   0x0800016c   0x00000006   Code   RO         4701    .ARM.Collect$$_printf_percent$$00000003  c_w.l(_printf_f.o)
    0x08000172   0x08000172   0x00000006   Code   RO         4702    .ARM.Collect$$_printf_percent$$00000004  c_w.l(_printf_e.o)
    0x08000178   0x08000178   0x00000006   Code   RO         4703    .ARM.Collect$$_printf_percent$$00000005  c_w.l(_printf_g.o)
    0x0800017e   0x0800017e   0x00000006   Code   RO         4704    .ARM.Collect$$_printf_percent$$00000006  c_w.l(_printf_a.o)
    0x08000184   0x08000184   0x0000000a   Code   RO         4709    .ARM.Collect$$_printf_percent$$00000007  c_w.l(_printf_ll.o)
    0x0800018e   0x0800018e   0x00000006   Code   RO         4698    .ARM.Collect$$_printf_percent$$00000008  c_w.l(_printf_i.o)
    0x08000194   0x08000194   0x00000006   Code   RO         4699    .ARM.Collect$$_printf_percent$$00000009  c_w.l(_printf_d.o)
    0x0800019a   0x0800019a   0x00000006   Code   RO         4700    .ARM.Collect$$_printf_percent$$0000000A  c_w.l(_printf_u.o)
    0x080001a0   0x080001a0   0x00000006   Code   RO         4697    .ARM.Collect$$_printf_percent$$0000000B  c_w.l(_printf_o.o)
    0x080001a6   0x080001a6   0x00000006   Code   RO         4695    .ARM.Collect$$_printf_percent$$0000000C  c_w.l(_printf_x.o)
    0x080001ac   0x080001ac   0x00000006   Code   RO         4706    .ARM.Collect$$_printf_percent$$0000000D  c_w.l(_printf_lli.o)
    0x080001b2   0x080001b2   0x00000006   Code   RO         4707    .ARM.Collect$$_printf_percent$$0000000E  c_w.l(_printf_lld.o)
    0x080001b8   0x080001b8   0x00000006   Code   RO         4708    .ARM.Collect$$_printf_percent$$0000000F  c_w.l(_printf_llu.o)
    0x080001be   0x080001be   0x00000006   Code   RO         4713    .ARM.Collect$$_printf_percent$$00000010  c_w.l(_printf_llo.o)
    0x080001c4   0x080001c4   0x00000006   Code   RO         4714    .ARM.Collect$$_printf_percent$$00000011  c_w.l(_printf_llx.o)
    0x080001ca   0x080001ca   0x0000000a   Code   RO         4710    .ARM.Collect$$_printf_percent$$00000012  c_w.l(_printf_l.o)
    0x080001d4   0x080001d4   0x00000006   Code   RO         4692    .ARM.Collect$$_printf_percent$$00000013  c_w.l(_printf_c.o)
    0x080001da   0x080001da   0x00000006   Code   RO         4693    .ARM.Collect$$_printf_percent$$00000014  c_w.l(_printf_s.o)
    0x080001e0   0x080001e0   0x00000006   Code   RO         4711    .ARM.Collect$$_printf_percent$$00000015  c_w.l(_printf_lc.o)
    0x080001e6   0x080001e6   0x00000006   Code   RO         4712    .ARM.Collect$$_printf_percent$$00000016  c_w.l(_printf_ls.o)
    0x080001ec   0x080001ec   0x00000004   Code   RO         4779    .ARM.Collect$$_printf_percent$$00000017  c_w.l(_printf_percent_end.o)
    0x080001f0   0x080001f0   0x00000002   Code   RO         4843    .ARM.Collect$$libinit$$00000000  c_w.l(libinit.o)
    0x080001f2   0x080001f2   0x00000000   Code   RO         4845    .ARM.Collect$$libinit$$00000002  c_w.l(libinit2.o)
    0x080001f2   0x080001f2   0x00000000   Code   RO         4847    .ARM.Collect$$libinit$$00000004  c_w.l(libinit2.o)
    0x080001f2   0x080001f2   0x00000000   Code   RO         4850    .ARM.Collect$$libinit$$0000000A  c_w.l(libinit2.o)
    0x080001f2   0x080001f2   0x00000000   Code   RO         4852    .ARM.Collect$$libinit$$0000000C  c_w.l(libinit2.o)
    0x080001f2   0x080001f2   0x00000000   Code   RO         4854    .ARM.Collect$$libinit$$0000000E  c_w.l(libinit2.o)
    0x080001f2   0x080001f2   0x00000006   Code   RO         4855    .ARM.Collect$$libinit$$0000000F  c_w.l(libinit2.o)
    0x080001f8   0x080001f8   0x00000000   Code   RO         4857    .ARM.Collect$$libinit$$00000011  c_w.l(libinit2.o)
    0x080001f8   0x080001f8   0x0000000c   Code   RO         4858    .ARM.Collect$$libinit$$00000012  c_w.l(libinit2.o)
    0x08000204   0x08000204   0x00000000   Code   RO         4859    .ARM.Collect$$libinit$$00000013  c_w.l(libinit2.o)
    0x08000204   0x08000204   0x00000000   Code   RO         4861    .ARM.Collect$$libinit$$00000015  c_w.l(libinit2.o)
    0x08000204   0x08000204   0x0000000a   Code   RO         4862    .ARM.Collect$$libinit$$00000016  c_w.l(libinit2.o)
    0x0800020e   0x0800020e   0x00000000   Code   RO         4863    .ARM.Collect$$libinit$$00000017  c_w.l(libinit2.o)
    0x0800020e   0x0800020e   0x00000000   Code   RO         4865    .ARM.Collect$$libinit$$00000019  c_w.l(libinit2.o)
    0x0800020e   0x0800020e   0x00000000   Code   RO         4867    .ARM.Collect$$libinit$$0000001B  c_w.l(libinit2.o)
    0x0800020e   0x0800020e   0x00000000   Code   RO         4869    .ARM.Collect$$libinit$$0000001D  c_w.l(libinit2.o)
    0x0800020e   0x0800020e   0x00000000   Code   RO         4871    .ARM.Collect$$libinit$$0000001F  c_w.l(libinit2.o)
    0x0800020e   0x0800020e   0x00000000   Code   RO         4873    .ARM.Collect$$libinit$$00000021  c_w.l(libinit2.o)
    0x0800020e   0x0800020e   0x00000000   Code   RO         4875    .ARM.Collect$$libinit$$00000023  c_w.l(libinit2.o)
    0x0800020e   0x0800020e   0x00000000   Code   RO         4877    .ARM.Collect$$libinit$$00000025  c_w.l(libinit2.o)
    0x0800020e   0x0800020e   0x00000000   Code   RO         4881    .ARM.Collect$$libinit$$0000002C  c_w.l(libinit2.o)
    0x0800020e   0x0800020e   0x00000000   Code   RO         4883    .ARM.Collect$$libinit$$0000002E  c_w.l(libinit2.o)
    0x0800020e   0x0800020e   0x00000000   Code   RO         4885    .ARM.Collect$$libinit$$00000030  c_w.l(libinit2.o)
    0x0800020e   0x0800020e   0x00000000   Code   RO         4887    .ARM.Collect$$libinit$$00000032  c_w.l(libinit2.o)
    0x0800020e   0x0800020e   0x00000002   Code   RO         4888    .ARM.Collect$$libinit$$00000033  c_w.l(libinit2.o)
    0x08000210   0x08000210   0x00000002   Code   RO         4950    .ARM.Collect$$libshutdown$$00000000  c_w.l(libshutdown.o)
    0x08000212   0x08000212   0x00000000   Code   RO         4975    .ARM.Collect$$libshutdown$$00000002  c_w.l(libshutdown2.o)
    0x08000212   0x08000212   0x00000000   Code   RO         4977    .ARM.Collect$$libshutdown$$00000004  c_w.l(libshutdown2.o)
    0x08000212   0x08000212   0x00000000   Code   RO         4979    .ARM.Collect$$libshutdown$$00000006  c_w.l(libshutdown2.o)
    0x08000212   0x08000212   0x00000000   Code   RO         4982    .ARM.Collect$$libshutdown$$00000009  c_w.l(libshutdown2.o)
    0x08000212   0x08000212   0x00000000   Code   RO         4985    .ARM.Collect$$libshutdown$$0000000C  c_w.l(libshutdown2.o)
    0x08000212   0x08000212   0x00000000   Code   RO         4987    .ARM.Collect$$libshutdown$$0000000E  c_w.l(libshutdown2.o)
    0x08000212   0x08000212   0x00000000   Code   RO         4990    .ARM.Collect$$libshutdown$$00000011  c_w.l(libshutdown2.o)
    0x08000212   0x08000212   0x00000002   Code   RO         4991    .ARM.Collect$$libshutdown$$00000012  c_w.l(libshutdown2.o)
    0x08000214   0x08000214   0x00000000   Code   RO         4616    .ARM.Collect$$rtentry$$00000000  c_w.l(__rtentry.o)
    0x08000214   0x08000214   0x00000000   Code   RO         4746    .ARM.Collect$$rtentry$$00000002  c_w.l(__rtentry2.o)
    0x08000214   0x08000214   0x00000006   Code   RO         4758    .ARM.Collect$$rtentry$$00000004  c_w.l(__rtentry4.o)
    0x0800021a   0x0800021a   0x00000000   Code   RO         4748    .ARM.Collect$$rtentry$$00000009  c_w.l(__rtentry2.o)
    0x0800021a   0x0800021a   0x00000004   Code   RO         4749    .ARM.Collect$$rtentry$$0000000A  c_w.l(__rtentry2.o)
    0x0800021e   0x0800021e   0x00000000   Code   RO         4751    .ARM.Collect$$rtentry$$0000000C  c_w.l(__rtentry2.o)
    0x0800021e   0x0800021e   0x00000008   Code   RO         4752    .ARM.Collect$$rtentry$$0000000D  c_w.l(__rtentry2.o)
    0x08000226   0x08000226   0x00000002   Code   RO         4893    .ARM.Collect$$rtexit$$00000000  c_w.l(rtexit.o)
    0x08000228   0x08000228   0x00000000   Code   RO         4916    .ARM.Collect$$rtexit$$00000002  c_w.l(rtexit2.o)
    0x08000228   0x08000228   0x00000004   Code   RO         4917    .ARM.Collect$$rtexit$$00000003  c_w.l(rtexit2.o)
    0x0800022c   0x0800022c   0x00000006   Code   RO         4918    .ARM.Collect$$rtexit$$00000004  c_w.l(rtexit2.o)
    0x08000232   0x08000232   0x00000002   PAD
    0x08000234   0x08000234   0x00000040   Code   RO            4    .text               startup_stm32f10x_md.o
    0x08000274   0x08000274   0x00000024   Code   RO         4527    .text               c_w.l(vsprintf.o)
    0x08000298   0x08000298   0x0000001a   Code   RO         4529    .text               c_w.l(atoi.o)
    0x080002b2   0x080002b2   0x00000002   PAD
    0x080002b4   0x080002b4   0x0000000c   Code   RO         4531    .text               c_w.l(strtok.o)
    0x080002c0   0x080002c0   0x0000004e   Code   RO         4534    .text               c_w.l(rt_memclr_w.o)
    0x0800030e   0x0800030e   0x00000002   PAD
    0x08000310   0x08000310   0x00000080   Code   RO         4536    .text               c_w.l(strcmpv7m.o)
    0x08000390   0x08000390   0x00000006   Code   RO         4538    .text               c_w.l(heapauxi.o)
    0x08000396   0x08000396   0x00000002   PAD
    0x08000398   0x08000398   0x00000008   Code   RO         4620    .text               c_w.l(rt_errno_addr_intlibspace.o)
    0x080003a0   0x080003a0   0x00000016   Code   RO         4622    .text               c_w.l(_rserrno.o)
    0x080003b6   0x080003b6   0x0000004e   Code   RO         4626    .text               c_w.l(_printf_pad.o)
    0x08000404   0x08000404   0x00000024   Code   RO         4628    .text               c_w.l(_printf_truncate.o)
    0x08000428   0x08000428   0x00000052   Code   RO         4630    .text               c_w.l(_printf_str.o)
    0x0800047a   0x0800047a   0x00000002   PAD
    0x0800047c   0x0800047c   0x00000078   Code   RO         4632    .text               c_w.l(_printf_dec.o)
    0x080004f4   0x080004f4   0x00000028   Code   RO         4634    .text               c_w.l(_printf_charcount.o)
    0x0800051c   0x0800051c   0x00000030   Code   RO         4636    .text               c_w.l(_printf_char_common.o)
    0x0800054c   0x0800054c   0x0000000a   Code   RO         4638    .text               c_w.l(_sputc.o)
    0x08000556   0x08000556   0x00000002   PAD
    0x08000558   0x08000558   0x000000bc   Code   RO         4640    .text               c_w.l(_printf_wctomb.o)
    0x08000614   0x08000614   0x0000007c   Code   RO         4643    .text               c_w.l(_printf_longlong_dec.o)
    0x08000690   0x08000690   0x00000070   Code   RO         4649    .text               c_w.l(_printf_oct_int_ll.o)
    0x08000700   0x08000700   0x00000094   Code   RO         4669    .text               c_w.l(_printf_hex_int_ll_ptr.o)
    0x08000794   0x08000794   0x00000188   Code   RO         4689    .text               c_w.l(__printf_flags_ss_wp.o)
    0x0800091c   0x0800091c   0x000000a4   Code   RO         4715    .text               c_w.l(strtod.o)
    0x080009c0   0x080009c0   0x00000070   Code   RO         4717    .text               c_w.l(strtol.o)
    0x08000a30   0x08000a30   0x00000044   Code   RO         4719    .text               c_w.l(strtok_int.o)
    0x08000a74   0x08000a74   0x00000008   Code   RO         4742    .text               c_w.l(libspace.o)
    0x08000a7c   0x08000a7c   0x00000010   Code   RO         4760    .text               c_w.l(rt_ctype_table.o)
    0x08000a8c   0x08000a8c   0x0000008a   Code   RO         4762    .text               c_w.l(lludiv10.o)
    0x08000b16   0x08000b16   0x00000012   Code   RO         4764    .text               c_w.l(isspace.o)
    0x08000b28   0x08000b28   0x000000b2   Code   RO         4766    .text               c_w.l(_printf_intcommon.o)
    0x08000bda   0x08000bda   0x0000041e   Code   RO         4768    .text               c_w.l(_printf_fp_dec.o)
    0x08000ff8   0x08000ff8   0x000002fc   Code   RO         4770    .text               c_w.l(_printf_fp_hex.o)
    0x080012f4   0x080012f4   0x0000002c   Code   RO         4775    .text               c_w.l(_printf_char.o)
    0x08001320   0x08001320   0x0000002c   Code   RO         4777    .text               c_w.l(_printf_wchar.o)
    0x0800134c   0x0800134c   0x00000040   Code   RO         4780    .text               c_w.l(_sgetc.o)
    0x0800138c   0x0800138c   0x0000009e   Code   RO         4782    .text               c_w.l(_strtoul.o)
    0x0800142a   0x0800142a   0x00000040   Code   RO         4784    .text               c_w.l(_wcrtomb.o)
    0x0800146a   0x0800146a   0x00000020   Code   RO         4789    .text               c_w.l(strcspn.o)
    0x0800148a   0x0800148a   0x0000001c   Code   RO         4791    .text               c_w.l(strspn.o)
    0x080014a6   0x080014a6   0x0000004a   Code   RO         4795    .text               c_w.l(sys_stackheap_outer.o)
    0x080014f0   0x080014f0   0x00000008   Code   RO         4800    .text               c_w.l(rt_locale_intlibspace.o)
    0x080014f8   0x080014f8   0x00000080   Code   RO         4802    .text               c_w.l(_printf_fp_infnan.o)
    0x08001578   0x08001578   0x0000001c   Code   RO         4804    .text               c_w.l(_chval.o)
    0x08001594   0x08001594   0x000004f8   Code   RO         4806    .text               c_w.l(scanf_fp.o)
    0x08001a8c   0x08001a8c   0x000000e4   Code   RO         4808    .text               c_w.l(bigflt0.o)
    0x08001b70   0x08001b70   0x00000012   Code   RO         4836    .text               c_w.l(exit.o)
    0x08001b82   0x08001b82   0x00000002   PAD
    0x08001b84   0x08001b84   0x00000320   Code   RO         4922    .text               c_w.l(scanf_hexfp.o)
    0x08001ea4   0x08001ea4   0x00000134   Code   RO         4924    .text               c_w.l(scanf_infnan.o)
    0x08001fd8   0x08001fd8   0x0000000c   Code   RO         4938    .text               c_w.l(sys_exit.o)
    0x08001fe4   0x08001fe4   0x00000026   Code   RO         4942    .text               c_w.l(llshl.o)
    0x0800200a   0x0800200a   0x00000002   Code   RO         4965    .text               c_w.l(use_no_semi.o)
    0x0800200c   0x0800200c   0x00000000   Code   RO         4967    .text               c_w.l(indicate_semi.o)
    0x0800200c   0x0800200c   0x0000003e   Code   RO         4811    CL$$btod_d2e        c_w.l(btod.o)
    0x0800204a   0x0800204a   0x00000046   Code   RO         4813    CL$$btod_d2e_denorm_low  c_w.l(btod.o)
    0x08002090   0x08002090   0x00000060   Code   RO         4812    CL$$btod_d2e_norm_op1  c_w.l(btod.o)
    0x080020f0   0x080020f0   0x00000338   Code   RO         4821    CL$$btod_div_common  c_w.l(btod.o)
    0x08002428   0x08002428   0x00000084   Code   RO         4819    CL$$btod_e2d        c_w.l(btod.o)
    0x080024ac   0x080024ac   0x000000dc   Code   RO         4818    CL$$btod_e2e        c_w.l(btod.o)
    0x08002588   0x08002588   0x0000002a   Code   RO         4815    CL$$btod_ediv       c_w.l(btod.o)
    0x080025b2   0x080025b2   0x0000002a   Code   RO         4817    CL$$btod_edivd      c_w.l(btod.o)
    0x080025dc   0x080025dc   0x0000002a   Code   RO         4814    CL$$btod_emul       c_w.l(btod.o)
    0x08002606   0x08002606   0x0000002a   Code   RO         4816    CL$$btod_emuld      c_w.l(btod.o)
    0x08002630   0x08002630   0x00000244   Code   RO         4820    CL$$btod_mult_common  c_w.l(btod.o)
    0x08002874   0x08002874   0x000007c8   Code   RO         3842    i.BlueSeiral_Proc   blueserial.o
    0x0800303c   0x0800303c   0x00000004   Code   RO         4461    i.BusFault_Handler  stm32f10x_it.o
    0x08003040   0x08003040   0x00000002   Code   RO         4462    i.DebugMon_Handler  stm32f10x_it.o
    0x08003042   0x08003042   0x00000002   PAD
    0x08003044   0x08003044   0x00000024   Code   RO         3196    i.Delay             delay.o
    0x08003068   0x08003068   0x000000d4   Code   RO         3198    i.Delay_Init        delay.o
    0x0800313c   0x0800313c   0x00000040   Code   RO         4053    i.Encoder_Get       encoder.o
    0x0800317c   0x0800317c   0x00000138   Code   RO         4054    i.Encoder_Init      encoder.o
    0x080032b4   0x080032b4   0x00000116   Code   RO         1347    i.GPIO_Init         stm32f10x_gpio.o
    0x080033ca   0x080033ca   0x00000012   Code   RO         1351    i.GPIO_ReadInputDataBit  stm32f10x_gpio.o
    0x080033dc   0x080033dc   0x00000004   Code   RO         1354    i.GPIO_ResetBits    stm32f10x_gpio.o
    0x080033e0   0x080033e0   0x00000004   Code   RO         1355    i.GPIO_SetBits      stm32f10x_gpio.o
    0x080033e4   0x080033e4   0x0000000a   Code   RO         1358    i.GPIO_WriteBit     stm32f10x_gpio.o
    0x080033ee   0x080033ee   0x00000002   PAD
    0x080033f0   0x080033f0   0x00000098   Code   RO         4071    i.Get_Speed         app_control.o
    0x08003488   0x08003488   0x00000004   Code   RO         4463    i.HardFault_Handler  stm32f10x_it.o
    0x0800348c   0x0800348c   0x0000010c   Code   RO         4392    i.Init              main.o
    0x08003598   0x08003598   0x000000a8   Code   RO         3542    i.MPU6050_GetRaw    mpu6050.o
    0x08003640   0x08003640   0x00000048   Code   RO         3543    i.MPU6050_Init      mpu6050.o
    0x08003688   0x08003688   0x00000160   Code   RO         3544    i.MPU6050_Proc      mpu6050.o
    0x080037e8   0x080037e8   0x0000005e   Code   RO         3546    i.MPU6050_ReadRegs  mpu6050.o
    0x08003846   0x08003846   0x0000002e   Code   RO         3547    i.MPU6050_WriteReg  mpu6050.o
    0x08003874   0x08003874   0x00000004   Code   RO         4464    i.MemManage_Handler  stm32f10x_it.o
    0x08003878   0x08003878   0x00000018   Code   RO         3349    i.Motor_Cmd         motor.o
    0x08003890   0x08003890   0x0000003c   Code   RO         3350    i.Motor_Init        motor.o
    0x080038cc   0x080038cc   0x00000090   Code   RO         3351    i.Motor_SetPWM      motor.o
    0x0800395c   0x0800395c   0x00000038   Code   RO         3280    i.MyI2C_Init        myi2c.o
    0x08003994   0x08003994   0x00000018   Code   RO         3281    i.MyI2C_R_SDA       myi2c.o
    0x080039ac   0x080039ac   0x0000001e   Code   RO         3282    i.MyI2C_ReceiveAck  myi2c.o
    0x080039ca   0x080039ca   0x00000032   Code   RO         3283    i.MyI2C_ReceiveByte  myi2c.o
    0x080039fc   0x080039fc   0x00000018   Code   RO         3284    i.MyI2C_SendAck     myi2c.o
    0x08003a14   0x08003a14   0x00000032   Code   RO         3285    i.MyI2C_SendByte    myi2c.o
    0x08003a46   0x08003a46   0x0000001c   Code   RO         3286    i.MyI2C_Start       myi2c.o
    0x08003a62   0x08003a62   0x00000016   Code   RO         3287    i.MyI2C_Stop        myi2c.o
    0x08003a78   0x08003a78   0x00000018   Code   RO         3288    i.MyI2C_W_SCL       myi2c.o
    0x08003a90   0x08003a90   0x00000018   Code   RO         3289    i.MyI2C_W_SDA       myi2c.o
    0x08003aa8   0x08003aa8   0x00000002   Code   RO         4465    i.NMI_Handler       stm32f10x_it.o
    0x08003aaa   0x08003aaa   0x00000002   PAD
    0x08003aac   0x08003aac   0x00000070   Code   RO          137    i.NVIC_Init         misc.o
    0x08003b1c   0x08003b1c   0x00000014   Code   RO          138    i.NVIC_PriorityGroupConfig  misc.o
    0x08003b30   0x08003b30   0x000000e8   Code   RO         4393    i.On_Off_Flag_Proc  main.o
    0x08003c18   0x08003c18   0x00000020   Code   RO         3807    i.PID_Init          pid.o
    0x08003c38   0x08003c38   0x000000b0   Code   RO         3810    i.PID_Update        pid.o
    0x08003ce8   0x08003ce8   0x00000024   Code   RO         3497    i.PWM_Cmd           pwm.o
    0x08003d0c   0x08003d0c   0x000000c4   Code   RO         3498    i.PWM_Init          pwm.o
    0x08003dd0   0x08003dd0   0x00000010   Code   RO         3499    i.PWM_SetCompare1   pwm.o
    0x08003de0   0x08003de0   0x00000010   Code   RO         3500    i.PWM_SetCompare2   pwm.o
    0x08003df0   0x08003df0   0x00000002   Code   RO         4466    i.PendSV_Handler    stm32f10x_it.o
    0x08003df2   0x08003df2   0x00000002   PAD
    0x08003df4   0x08003df4   0x00000020   Code   RO         1775    i.RCC_APB1PeriphClockCmd  stm32f10x_rcc.o
    0x08003e14   0x08003e14   0x00000020   Code   RO         1777    i.RCC_APB2PeriphClockCmd  stm32f10x_rcc.o
    0x08003e34   0x08003e34   0x000000d4   Code   RO         1785    i.RCC_GetClocksFreq  stm32f10x_rcc.o
    0x08003f08   0x08003f08   0x00000002   Code   RO         4467    i.SVC_Handler       stm32f10x_it.o
    0x08003f0a   0x08003f0a   0x00000002   PAD
    0x08003f0c   0x08003f0c   0x000000b0   Code   RO         3844    i.Serial_Init       blueserial.o
    0x08003fbc   0x08003fbc   0x00000024   Code   RO         3846    i.Serial_Printf     blueserial.o
    0x08003fe0   0x08003fe0   0x00000020   Code   RO         3848    i.Serial_SendByte   blueserial.o
    0x08004000   0x08004000   0x0000001a   Code   RO         3850    i.Serial_SendString  blueserial.o
    0x0800401a   0x0800401a   0x00000008   Code   RO           24    i.SetSysClock       system_stm32f10x.o
    0x08004022   0x08004022   0x00000002   PAD
    0x08004024   0x08004024   0x000000e0   Code   RO           25    i.SetSysClockTo72   system_stm32f10x.o
    0x08004104   0x08004104   0x0000001c   Code   RO         4468    i.SysTick_Handler   stm32f10x_it.o
    0x08004120   0x08004120   0x00000060   Code   RO           27    i.SystemInit        system_stm32f10x.o
    0x08004180   0x08004180   0x00000080   Code   RO         2405    i.TI1_Config        stm32f10x_tim.o
    0x08004200   0x08004200   0x00000098   Code   RO         2406    i.TI2_Config        stm32f10x_tim.o
    0x08004298   0x08004298   0x00000090   Code   RO         2407    i.TI3_Config        stm32f10x_tim.o
    0x08004328   0x08004328   0x00000098   Code   RO         2408    i.TI4_Config        stm32f10x_tim.o
    0x080043c0   0x080043c0   0x000000d0   Code   RO         4394    i.TIM1_UP_IRQHandler  main.o
    0x08004490   0x08004490   0x00000006   Code   RO         2415    i.TIM_ClearFlag     stm32f10x_tim.o
    0x08004496   0x08004496   0x00000006   Code   RO         2416    i.TIM_ClearITPendingBit  stm32f10x_tim.o
    0x0800449c   0x0800449c   0x00000018   Code   RO         2421    i.TIM_Cmd           stm32f10x_tim.o
    0x080044b4   0x080044b4   0x00000042   Code   RO         2430    i.TIM_EncoderInterfaceConfig  stm32f10x_tim.o
    0x080044f6   0x080044f6   0x00000006   Code   RO         2440    i.TIM_GetCounter    stm32f10x_tim.o
    0x080044fc   0x080044fc   0x00000022   Code   RO         2442    i.TIM_GetITStatus   stm32f10x_tim.o
    0x0800451e   0x0800451e   0x00000002   PAD
    0x08004520   0x08004520   0x000000ac   Code   RO         2444    i.TIM_ICInit        stm32f10x_tim.o
    0x080045cc   0x080045cc   0x00000012   Code   RO         2445    i.TIM_ICStructInit  stm32f10x_tim.o
    0x080045de   0x080045de   0x00000012   Code   RO         2446    i.TIM_ITConfig      stm32f10x_tim.o
    0x080045f0   0x080045f0   0x0000000c   Code   RO         2448    i.TIM_InternalClockConfig  stm32f10x_tim.o
    0x080045fc   0x080045fc   0x00000098   Code   RO         2450    i.TIM_OC1Init       stm32f10x_tim.o
    0x08004694   0x08004694   0x000000a4   Code   RO         2455    i.TIM_OC2Init       stm32f10x_tim.o
    0x08004738   0x08004738   0x00000014   Code   RO         2468    i.TIM_OCStructInit  stm32f10x_tim.o
    0x0800474c   0x0800474c   0x00000004   Code   RO         2482    i.TIM_SetCompare1   stm32f10x_tim.o
    0x08004750   0x08004750   0x00000004   Code   RO         2483    i.TIM_SetCompare2   stm32f10x_tim.o
    0x08004754   0x08004754   0x00000004   Code   RO         2486    i.TIM_SetCounter    stm32f10x_tim.o
    0x08004758   0x08004758   0x00000012   Code   RO         2487    i.TIM_SetIC1Prescaler  stm32f10x_tim.o
    0x0800476a   0x0800476a   0x0000001a   Code   RO         2488    i.TIM_SetIC2Prescaler  stm32f10x_tim.o
    0x08004784   0x08004784   0x00000012   Code   RO         2489    i.TIM_SetIC3Prescaler  stm32f10x_tim.o
    0x08004796   0x08004796   0x0000001a   Code   RO         2490    i.TIM_SetIC4Prescaler  stm32f10x_tim.o
    0x080047b0   0x080047b0   0x000000a4   Code   RO         2492    i.TIM_TimeBaseInit  stm32f10x_tim.o
    0x08004854   0x08004854   0x0000007c   Code   RO         3238    i.Timer_Init        timer.o
    0x080048d0   0x080048d0   0x0000008c   Code   RO         3851    i.USART1_IRQHandler  blueserial.o
    0x0800495c   0x0800495c   0x0000001e   Code   RO         2957    i.USART_ClearITPendingBit  stm32f10x_usart.o
    0x0800497a   0x0800497a   0x00000018   Code   RO         2960    i.USART_Cmd         stm32f10x_usart.o
    0x08004992   0x08004992   0x0000001a   Code   RO         2963    i.USART_GetFlagStatus  stm32f10x_usart.o
    0x080049ac   0x080049ac   0x00000054   Code   RO         2964    i.USART_GetITStatus  stm32f10x_usart.o
    0x08004a00   0x08004a00   0x0000004a   Code   RO         2966    i.USART_ITConfig    stm32f10x_usart.o
    0x08004a4a   0x08004a4a   0x00000002   PAD
    0x08004a4c   0x08004a4c   0x000000d8   Code   RO         2967    i.USART_Init        stm32f10x_usart.o
    0x08004b24   0x08004b24   0x0000000a   Code   RO         2974    i.USART_ReceiveData  stm32f10x_usart.o
    0x08004b2e   0x08004b2e   0x00000008   Code   RO         2977    i.USART_SendData    stm32f10x_usart.o
    0x08004b36   0x08004b36   0x00000004   Code   RO         4469    i.UsageFault_Handler  stm32f10x_it.o
    0x08004b3a   0x08004b3a   0x00000028   Code   RO         4891    i.__ARM_fpclassify  m_ws.l(fpclassify.o)
    0x08004b62   0x08004b62   0x0000000e   Code   RO         4998    i.__mathlib_dbl_overflow  m_ws.l(dunder.o)
    0x08004b70   0x08004b70   0x00000010   Code   RO         5000    i.__mathlib_dbl_underflow  m_ws.l(dunder.o)
    0x08004b80   0x08004b80   0x00000010   Code   RO         4909    i.__mathlib_narrow  m_ws.l(narrow.o)
    0x08004b90   0x08004b90   0x000000bc   Code   RO         4910    i.__mathlib_tofloat  m_ws.l(narrow.o)
    0x08004c4c   0x08004c4c   0x00000016   Code   RO         4954    i.__support_ldexp   m_ws.l(ldexp.o)
    0x08004c62   0x08004c62   0x0000000e   Code   RO         4682    i._is_digit         c_w.l(__printf_wp.o)
    0x08004c70   0x08004c70   0x0000000c   Code   RO         3548    i.app_adjust_Alpha  mpu6050.o
    0x08004c7c   0x08004c7c   0x0000000c   Code   RO         4072    i.app_adjust_Angle_Kd_pid  app_control.o
    0x08004c88   0x08004c88   0x0000000c   Code   RO         4073    i.app_adjust_Angle_Ki_pid  app_control.o
    0x08004c94   0x08004c94   0x0000000c   Code   RO         4074    i.app_adjust_Angle_Kp_pid  app_control.o
    0x08004ca0   0x08004ca0   0x0000000c   Code   RO         4075    i.app_adjust_angle_target  app_control.o
    0x08004cac   0x08004cac   0x0000000c   Code   RO         4076    i.app_adjust_difpwm  app_control.o
    0x08004cb8   0x08004cb8   0x0000000c   Code   RO         3549    i.app_adjust_mechanical_median  mpu6050.o
    0x08004cc4   0x08004cc4   0x0000000c   Code   RO         4077    i.app_adjust_outoffset  app_control.o
    0x08004cd0   0x08004cd0   0x0000000c   Code   RO         4078    i.app_adjust_speed_Kd_pid  app_control.o
    0x08004cdc   0x08004cdc   0x0000000c   Code   RO         4079    i.app_adjust_speed_Ki_pid  app_control.o
    0x08004ce8   0x08004ce8   0x0000000c   Code   RO         4080    i.app_adjust_speed_Kp_pid  app_control.o
    0x08004cf4   0x08004cf4   0x0000000c   Code   RO         4081    i.app_adjust_speed_speed_target  app_control.o
    0x08004d00   0x08004d00   0x0000000c   Code   RO         4082    i.app_adjust_speed_target  app_control.o
    0x08004d0c   0x08004d0c   0x0000000c   Code   RO         4083    i.app_adjust_turn_Kd_pid  app_control.o
    0x08004d18   0x08004d18   0x0000000c   Code   RO         4084    i.app_adjust_turn_Ki_pid  app_control.o
    0x08004d24   0x08004d24   0x0000000c   Code   RO         4085    i.app_adjust_turn_Kp_pid  app_control.o
    0x08004d30   0x08004d30   0x000000d8   Code   RO         4087    i.app_angle_proc    app_control.o
    0x08004e08   0x08004e08   0x00000074   Code   RO         4088    i.app_angle_reset   app_control.o
    0x08004e7c   0x08004e7c   0x0000009c   Code   RO         4089    i.app_control_init  app_control.o
    0x08004f18   0x08004f18   0x0000000c   Code   RO         3550    i.app_get_Alpha     mpu6050.o
    0x08004f24   0x08004f24   0x0000000c   Code   RO         4090    i.app_get_angle_actual  app_control.o
    0x08004f30   0x08004f30   0x0000000c   Code   RO         4091    i.app_get_angle_d   app_control.o
    0x08004f3c   0x08004f3c   0x0000000c   Code   RO         4092    i.app_get_angle_err_int  app_control.o
    0x08004f48   0x08004f48   0x0000000c   Code   RO         4093    i.app_get_angle_err_k  app_control.o
    0x08004f54   0x08004f54   0x0000000c   Code   RO         4094    i.app_get_angle_err_k_1  app_control.o
    0x08004f60   0x08004f60   0x0000000c   Code   RO         4095    i.app_get_angle_i   app_control.o
    0x08004f6c   0x08004f6c   0x0000000c   Code   RO         4096    i.app_get_angle_out  app_control.o
    0x08004f78   0x08004f78   0x0000000c   Code   RO         4097    i.app_get_angle_p   app_control.o
    0x08004f84   0x08004f84   0x0000000c   Code   RO         4098    i.app_get_angle_target  app_control.o
    0x08004f90   0x08004f90   0x00000014   Code   RO         3551    i.app_get_gy_raw_bias  mpu6050.o
    0x08004fa4   0x08004fa4   0x0000000c   Code   RO         4099    i.app_get_outoffset  app_control.o
    0x08004fb0   0x08004fb0   0x0000000c   Code   RO         4101    i.app_get_speed_d   app_control.o
    0x08004fbc   0x08004fbc   0x0000000c   Code   RO         4105    i.app_get_speed_i   app_control.o
    0x08004fc8   0x08004fc8   0x0000000c   Code   RO         4107    i.app_get_speed_p   app_control.o
    0x08004fd4   0x08004fd4   0x0000000c   Code   RO         4108    i.app_get_speed_target  app_control.o
    0x08004fe0   0x08004fe0   0x0000000c   Code   RO         4110    i.app_get_turn_d    app_control.o
    0x08004fec   0x08004fec   0x0000000c   Code   RO         4114    i.app_get_turn_i    app_control.o
    0x08004ff8   0x08004ff8   0x0000000c   Code   RO         4116    i.app_get_turn_p    app_control.o
    0x08005004   0x08005004   0x0000000c   Code   RO         4117    i.app_get_turn_target  app_control.o
    0x08005010   0x08005010   0x00000098   Code   RO         4118    i.app_speed_proc    app_control.o
    0x080050a8   0x080050a8   0x000000cc   Code   RO         4119    i.app_turn_proc     app_control.o
    0x08005174   0x08005174   0x0000002a   Code   RO         4613    i.atof              m_ws.l(atof.o)
    0x0800519e   0x0800519e   0x00000056   Code   RO         3741    i.binary_search     qmath.o
    0x080051f4   0x080051f4   0x00000058   Code   RO         4933    i.frexp             m_ws.l(frexp.o)
    0x0800524c   0x0800524c   0x00000030   Code   RO         3552    i.get_gy_raw_bias   mpu6050.o
    0x0800527c   0x0800527c   0x00000040   Code   RO         3553    i.gy_raw_adjust     mpu6050.o
    0x080052bc   0x080052bc   0x00000074   Code   RO         4955    i.ldexp             m_ws.l(ldexp.o)
    0x08005330   0x08005330   0x00000014   Code   RO         4395    i.main              main.o
    0x08005344   0x08005344   0x00000064   Code   RO         3744    i.qatan             qmath.o
    0x080053a8   0x080053a8   0x000000b0   Code   RO         3745    i.qatan2            qmath.o
    0x08005458   0x08005458   0x0000002c   Code   RO         4787    locale$$code        c_w.l(lc_numeric_c.o)
    0x08005484   0x08005484   0x0000002c   Code   RO         4834    locale$$code        c_w.l(lc_ctype_c.o)
    0x080054b0   0x080054b0   0x00000062   Code   RO         4542    x$fpl$d2f           fz_ws.l(d2f.o)
    0x08005512   0x08005512   0x00000002   PAD
    0x08005514   0x08005514   0x00000150   Code   RO         4544    x$fpl$dadd          fz_ws.l(daddsub_clz.o)
    0x08005664   0x08005664   0x00000010   Code   RO         4992    x$fpl$dcheck1       fz_ws.l(dcheck1.o)
    0x08005674   0x08005674   0x00000018   Code   RO         4721    x$fpl$dcmpinf       fz_ws.l(dcmpi.o)
    0x0800568c   0x0800568c   0x000002b0   Code   RO         4551    x$fpl$ddiv          fz_ws.l(ddiv.o)
    0x0800593c   0x0800593c   0x00000078   Code   RO         4554    x$fpl$deqf          fz_ws.l(deqf.o)
    0x080059b4   0x080059b4   0x0000005e   Code   RO         4556    x$fpl$dfix          fz_ws.l(dfix.o)
    0x08005a12   0x08005a12   0x0000002e   Code   RO         4569    x$fpl$dflt          fz_ws.l(dflt_clz.o)
    0x08005a40   0x08005a40   0x00000026   Code   RO         4568    x$fpl$dfltu         fz_ws.l(dflt_clz.o)
    0x08005a66   0x08005a66   0x00000002   PAD
    0x08005a68   0x08005a68   0x00000078   Code   RO         4574    x$fpl$dleqf         fz_ws.l(dleqf.o)
    0x08005ae0   0x08005ae0   0x00000154   Code   RO         4576    x$fpl$dmul          fz_ws.l(dmul.o)
    0x08005c34   0x08005c34   0x0000009c   Code   RO         4723    x$fpl$dnaninf       fz_ws.l(dnaninf.o)
    0x08005cd0   0x08005cd0   0x0000000c   Code   RO         4725    x$fpl$dretinf       fz_ws.l(dretinf.o)
    0x08005cdc   0x08005cdc   0x0000006c   Code   RO         4930    x$fpl$drleqf        fz_ws.l(drleqf.o)
    0x08005d48   0x08005d48   0x000001d4   Code   RO         4546    x$fpl$dsub          fz_ws.l(daddsub_clz.o)
    0x08005f1c   0x08005f1c   0x00000056   Code   RO         4578    x$fpl$f2d           fz_ws.l(f2d.o)
    0x08005f72   0x08005f72   0x00000002   PAD
    0x08005f74   0x08005f74   0x000000c4   Code   RO         4580    x$fpl$fadd          fz_ws.l(faddsub_clz.o)
    0x08006038   0x08006038   0x00000018   Code   RO         4727    x$fpl$fcmpinf       fz_ws.l(fcmpi.o)
    0x08006050   0x08006050   0x00000184   Code   RO         4587    x$fpl$fdiv          fz_ws.l(fdiv.o)
    0x080061d4   0x080061d4   0x00000068   Code   RO         4590    x$fpl$feqf          fz_ws.l(feqf.o)
    0x0800623c   0x0800623c   0x00000036   Code   RO         4592    x$fpl$ffix          fz_ws.l(ffix.o)
    0x08006272   0x08006272   0x00000002   PAD
    0x08006274   0x08006274   0x00000030   Code   RO         4601    x$fpl$fflt          fz_ws.l(fflt_clz.o)
    0x080062a4   0x080062a4   0x00000026   Code   RO         4600    x$fpl$ffltu         fz_ws.l(fflt_clz.o)
    0x080062ca   0x080062ca   0x00000002   PAD
    0x080062cc   0x080062cc   0x00000068   Code   RO         4606    x$fpl$fleqf         fz_ws.l(fleqf.o)
    0x08006334   0x08006334   0x00000102   Code   RO         4608    x$fpl$fmul          fz_ws.l(fmul.o)
    0x08006436   0x08006436   0x0000008c   Code   RO         4729    x$fpl$fnaninf       fz_ws.l(fnaninf.o)
    0x080064c2   0x080064c2   0x0000000a   Code   RO         4731    x$fpl$fretinf       fz_ws.l(fretinf.o)
    0x080064cc   0x080064cc   0x00000062   Code   RO         4610    x$fpl$frleqf        fz_ws.l(frleqf.o)
    0x0800652e   0x0800652e   0x00000002   PAD
    0x08006530   0x08006530   0x000000ea   Code   RO         4582    x$fpl$fsub          fz_ws.l(faddsub_clz.o)
    0x0800661a   0x0800661a   0x00000006   Code   RO         4889    x$fpl$ieeestatus    fz_ws.l(istatus.o)
    0x08006620   0x08006620   0x00000004   Code   RO         4733    x$fpl$printf1       fz_ws.l(printf1.o)
    0x08006624   0x08006624   0x00000004   Code   RO         4735    x$fpl$printf2       fz_ws.l(printf2.o)
    0x08006628   0x08006628   0x00000064   Code   RO         5013    x$fpl$retnan        fz_ws.l(retnan.o)
    0x0800668c   0x0800668c   0x0000005c   Code   RO         4951    x$fpl$scalbn        fz_ws.l(scalbn.o)
    0x080066e8   0x080066e8   0x00000004   Code   RO         4793    x$fpl$scanf1        fz_ws.l(scanf1.o)
    0x080066ec   0x080066ec   0x00000008   Code   RO         4903    x$fpl$scanf2        fz_ws.l(scanf2.o)
    0x080066f4   0x080066f4   0x00000030   Code   RO         5019    x$fpl$trapveneer    fz_ws.l(trapv.o)
    0x08006724   0x08006724   0x00000000   Code   RO         4741    x$fpl$usenofp       fz_ws.l(usenofp.o)
    0x08006724   0x08006724   0x00002000   Data   RO         3749    .constdata          qmath.o
    0x08008724   0x08008724   0x00000008   Data   RO         4641    .constdata          c_w.l(_printf_wctomb.o)
    0x0800872c   0x0800872c   0x00000028   Data   RO         4670    .constdata          c_w.l(_printf_hex_int_ll_ptr.o)
    0x08008754   0x08008754   0x00000011   Data   RO         4690    .constdata          c_w.l(__printf_flags_ss_wp.o)
    0x08008765   0x08008765   0x00000026   Data   RO         4771    .constdata          c_w.l(_printf_fp_hex.o)
    0x0800878b   0x0800878b   0x00000001   PAD
    0x0800878c   0x0800878c   0x00000094   Data   RO         4809    .constdata          c_w.l(bigflt0.o)
    0x08008820   0x08008820   0x00000050   Data   RO         3854    .conststring        blueserial.o
    0x08008870   0x08008870   0x00000020   Data   RO         5037    Region$$Table       anon$$obj.o
    0x08008890   0x08008890   0x00000008   Data   RO         4897    c$$dinf             fz_ws.l(fpconst.o)
    0x08008898   0x08008898   0x00000008   Data   RO         4900    c$$dmax             fz_ws.l(fpconst.o)
    0x080088a0   0x080088a0   0x0000001c   Data   RO         4786    locale$$data        c_w.l(lc_numeric_c.o)
    0x080088bc   0x080088bc   0x00000110   Data   RO         4833    locale$$data        c_w.l(lc_ctype_c.o)


    Execution Region RW_IRAM1 (Exec base: 0x20000000, Load base: 0x080089cc, Size: 0x00000890, Max: 0x00005000, ABSOLUTE)

    Exec Addr    Load Addr    Size         Type   Attr      Idx    E Section Name        Object

    0x20000000   0x080089cc   0x00000014   Data   RW         1805    .data               stm32f10x_rcc.o
    0x20000014   0x080089e0   0x0000000c   Data   RW         3201    .data               delay.o
    0x20000020   0x080089ec   0x0000005c   Data   RW         3554    .data               mpu6050.o
    0x2000007c   0x08008a48   0x0000000f   Data   RW         3855    .data               blueserial.o
    0x2000008b   0x08008a57   0x00000005   PAD
    0x20000090   0x08008a5c   0x0000002c   Data   RW         4121    .data               app_control.o
    0x200000bc   0x08008a88   0x00000025   Data   RW         4396    .data               main.o
    0x200000e1   0x08008aad   0x00000003   PAD
    0x200000e4   0x08008ab0   0x00000004   Data   RW         4532    .data               c_w.l(strtok.o)
    0x200000e8        -       0x00000064   Zero   RW         3853    .bss                blueserial.o
    0x2000014c        -       0x000000e0   Zero   RW         4120    .bss                app_control.o
    0x2000022c        -       0x00000060   Zero   RW         4743    .bss                c_w.l(libspace.o)
    0x2000028c   0x08008ab4   0x00000004   PAD
    0x20000290        -       0x00000200   Zero   RW            2    HEAP                startup_stm32f10x_md.o
    0x20000490        -       0x00000400   Zero   RW            1    STACK               startup_stm32f10x_md.o


==============================================================================

Image component sizes


      Code (inc. data)   RO Data    RW Data    ZI Data      Debug   Object Name

      1380        396          0         44        224      20548   app_control.o
      2402        498         80         15        100     246627   blueserial.o
         0          0          0          0          0       4516   core_cm3.o
       248         24          0         12          0       1859   delay.o
       376         24          0          0          0       1425   encoder.o
       728        248          0         37          0       2890   main.o
       132         22          0          0          0     205011   misc.o
       228         12          0          0          0      10956   motor.o
       900        182          0         92          0       8029   mpu6050.o
       332         24          0          0          0       5362   myi2c.o
       208          8          0          0          0       1556   pid.o
       264         14          0          0          0       2297   pwm.o
       362         38       8192          0          0       2813   qmath.o
        64         26        236          0       1536        848   startup_stm32f10x_md.o
         0          0          0          0          0       1708   stm32f10x_adc.o
       314          0          0          0          0      12692   stm32f10x_gpio.o
        52          4          0          0          0       4138   stm32f10x_it.o
       276         32          0         20          0      13282   stm32f10x_rcc.o
      1538        180          0          0          0      36774   stm32f10x_tim.o
       472          6          0          0          0      12987   stm32f10x_usart.o
       328         28          0          0          0      39553   system_stm32f10x.o
       124          4          0          0          0        601   timer.o

    ----------------------------------------------------------------------
     10744       1770       8540        228       1860     636472   Object Totals
         0          0         32          0          0          0   (incl. Generated)
        16          0          0          8          0          0   (incl. Padding)

    ----------------------------------------------------------------------

      Code (inc. data)   RO Data    RW Data    ZI Data      Debug   Library Member Name

         8          0          0          0          0         68   __main.o
       392          4         17          0          0         92   __printf_flags_ss_wp.o
        14          0          0          0          0         68   __printf_wp.o
         0          0          0          0          0          0   __rtentry.o
        12          0          0          0          0          0   __rtentry2.o
         6          0          0          0          0          0   __rtentry4.o
        52          8          0          0          0          0   __scatter.o
        26          0          0          0          0          0   __scatter_copy.o
        28          0          0          0          0          0   __scatter_zi.o
        28          0          0          0          0         68   _chval.o
         6          0          0          0          0          0   _printf_a.o
         6          0          0          0          0          0   _printf_c.o
        44          0          0          0          0        108   _printf_char.o
        48          6          0          0          0         96   _printf_char_common.o
        40          0          0          0          0         68   _printf_charcount.o
         6          0          0          0          0          0   _printf_d.o
       120         16          0          0          0         92   _printf_dec.o
         6          0          0          0          0          0   _printf_e.o
         6          0          0          0          0          0   _printf_f.o
      1054          0          0          0          0        216   _printf_fp_dec.o
       764          8         38          0          0        100   _printf_fp_hex.o
       128         16          0          0          0         84   _printf_fp_infnan.o
         6          0          0          0          0          0   _printf_g.o
       148          4         40          0          0        160   _printf_hex_int_ll_ptr.o
         6          0          0          0          0          0   _printf_i.o
       178          0          0          0          0         88   _printf_intcommon.o
        10          0          0          0          0          0   _printf_l.o
         6          0          0          0          0          0   _printf_lc.o
        10          0          0          0          0          0   _printf_ll.o
         6          0          0          0          0          0   _printf_lld.o
         6          0          0          0          0          0   _printf_lli.o
         6          0          0          0          0          0   _printf_llo.o
         6          0          0          0          0          0   _printf_llu.o
         6          0          0          0          0          0   _printf_llx.o
       124         16          0          0          0         92   _printf_longlong_dec.o
         6          0          0          0          0          0   _printf_ls.o
         6          0          0          0          0          0   _printf_n.o
         6          0          0          0          0          0   _printf_o.o
       112         10          0          0          0        124   _printf_oct_int_ll.o
         6          0          0          0          0          0   _printf_p.o
        78          0          0          0          0        108   _printf_pad.o
         0          0          0          0          0          0   _printf_percent.o
         4          0          0          0          0          0   _printf_percent_end.o
         6          0          0          0          0          0   _printf_s.o
        82          0          0          0          0         80   _printf_str.o
        36          0          0          0          0         84   _printf_truncate.o
         6          0          0          0          0          0   _printf_u.o
        44          0          0          0          0        108   _printf_wchar.o
       188          6          8          0          0         92   _printf_wctomb.o
         6          0          0          0          0          0   _printf_x.o
        22          0          0          0          0        100   _rserrno.o
        64          0          0          0          0         84   _sgetc.o
        10          0          0          0          0         68   _sputc.o
       158          0          0          0          0         92   _strtoul.o
        64          0          0          0          0         92   _wcrtomb.o
        26          0          0          0          0         80   atoi.o
       228          4        148          0          0         96   bigflt0.o
      2152        136          0          0          0        960   btod.o
        18          0          0          0          0         80   exit.o
         6          0          0          0          0        152   heapauxi.o
         0          0          0          0          0          0   indicate_semi.o
        18          0          0          0          0         76   isspace.o
        44         10        272          0          0         76   lc_ctype_c.o
        44         10         28          0          0         76   lc_numeric_c.o
         2          0          0          0          0          0   libinit.o
        30          0          0          0          0          0   libinit2.o
         2          0          0          0          0          0   libshutdown.o
         2          0          0          0          0          0   libshutdown2.o
         8          4          0          0         96         68   libspace.o
        38          0          0          0          0         68   llshl.o
       138          0          0          0          0         80   lludiv10.o
        16          4          0          0          0         76   rt_ctype_table.o
         8          4          0          0          0         68   rt_errno_addr_intlibspace.o
         8          4          0          0          0         68   rt_locale_intlibspace.o
        78          0          0          0          0         80   rt_memclr_w.o
         2          0          0          0          0          0   rtexit.o
        10          0          0          0          0          0   rtexit2.o
      1272         16          0          0          0        168   scanf_fp.o
       800         14          0          0          0        100   scanf_hexfp.o
       308         16          0          0          0        100   scanf_infnan.o
       128          0          0          0          0         68   strcmpv7m.o
        32          0          0          0          0         80   strcspn.o
        28          0          0          0          0         80   strspn.o
       164         14          0          0          0        120   strtod.o
        12          6          0          4          0         68   strtok.o
        68          4          0          0          0         84   strtok_int.o
       112          0          0          0          0         88   strtol.o
        12          4          0          0          0         68   sys_exit.o
        74          0          0          0          0         80   sys_stackheap_outer.o
         2          0          0          0          0         68   use_no_semi.o
        36          4          0          0          0         76   vsprintf.o
        98          4          0          0          0         92   d2f.o
       804         16          0          0          0        272   daddsub_clz.o
        16          4          0          0          0         68   dcheck1.o
        24          0          0          0          0         68   dcmpi.o
       688        140          0          0          0        208   ddiv.o
       120          4          0          0          0         92   deqf.o
        94          4          0          0          0         92   dfix.o
        84          0          0          0          0        136   dflt_clz.o
       120          4          0          0          0         92   dleqf.o
       340         12          0          0          0        104   dmul.o
       156          4          0          0          0         92   dnaninf.o
        12          0          0          0          0         68   dretinf.o
       108          0          0          0          0         80   drleqf.o
        86          4          0          0          0         84   f2d.o
       430          8          0          0          0        168   faddsub_clz.o
        24          0          0          0          0         68   fcmpi.o
       388         76          0          0          0         96   fdiv.o
       104          4          0          0          0         84   feqf.o
        54          4          0          0          0         84   ffix.o
        86          0          0          0          0        136   fflt_clz.o
       104          4          0          0          0         84   fleqf.o
       258          4          0          0          0         84   fmul.o
       140          4          0          0          0         84   fnaninf.o
         0          0         16          0          0          0   fpconst.o
        10          0          0          0          0         68   fretinf.o
        98          0          0          0          0         68   frleqf.o
         6          0          0          0          0         68   istatus.o
         4          0          0          0          0         68   printf1.o
         4          0          0          0          0         68   printf2.o
       100          0          0          0          0         68   retnan.o
        92          0          0          0          0         68   scalbn.o
         4          0          0          0          0         68   scanf1.o
         8          0          0          0          0         84   scanf2.o
        48          0          0          0          0         68   trapv.o
         0          0          0          0          0          0   usenofp.o
        42          0          0          0          0         84   atof.o
        30          6          0          0          0        136   dunder.o
        40          0          0          0          0         68   fpclassify.o
        88          8          0          0          0         76   frexp.o
       138          0          0          0          0        160   ldexp.o
       204          4          0          0          0        168   narrow.o

    ----------------------------------------------------------------------
     15424        666        568          4        100       9608   Library Totals
        28          0          1          0          4          0   (incl. Padding)

    ----------------------------------------------------------------------

      Code (inc. data)   RO Data    RW Data    ZI Data      Debug   Library Name

     10142        348        551          4         96       5784   c_w.l
      4712        300         16          0          0       3132   fz_ws.l
       542         18          0          0          0        692   m_ws.l

    ----------------------------------------------------------------------
     15424        666        568          4        100       9608   Library Totals

    ----------------------------------------------------------------------

==============================================================================


      Code (inc. data)   RO Data    RW Data    ZI Data      Debug   

     26168       2436       9108        232       1960     633440   Grand Totals
     26168       2436       9108        232       1960     633440   ELF Image Totals
     26168       2436       9108        232          0          0   ROM Totals

==============================================================================

    Total RO  Size (Code + RO Data)                35276 (  34.45kB)
    Total RW  Size (RW Data + ZI Data)              2192 (   2.14kB)
    Total ROM Size (Code + RO Data + RW Data)      35508 (  34.68kB)

==============================================================================

